Archive member included because of file (symbol)

.\liblcd.a(lcd.o)             main.o (Lcd_Clr_Screen)
C:\CodeSourcery\Sourcery G++ Lite/arm-none-eabi/lib/thumb2\libc.a(lib_a-atoi.o)
                              uart.o (atoi)
C:\CodeSourcery\Sourcery G++ Lite/arm-none-eabi/lib/thumb2\libc.a(lib_a-ctype_.o)
                              uart.o (__ctype_ptr__)
C:\CodeSourcery\Sourcery G++ Lite/arm-none-eabi/lib/thumb2\libc.a(lib_a-strlen.o)
                              uart.o (strlen)
C:\CodeSourcery\Sourcery G++ Lite/arm-none-eabi/lib/thumb2\libc.a(lib_a-strtol.o)
                              C:\CodeSourcery\Sourcery G++ Lite/arm-none-eabi/lib/thumb2\libc.a(lib_a-atoi.o) (_strtol_r)
C:\CodeSourcery\Sourcery G++ Lite/arm-none-eabi/lib/thumb2\libc.a(lib_a-vsprintf.o)
                              Graphics.o (vsprintf)
C:\CodeSourcery\Sourcery G++ Lite/arm-none-eabi/lib/thumb2\libc.a(lib_a-impure.o)
                              C:\CodeSourcery\Sourcery G++ Lite/arm-none-eabi/lib/thumb2\libc.a(lib_a-strtol.o) (_impure_ptr)
C:\CodeSourcery\Sourcery G++ Lite/arm-none-eabi/lib/thumb2\libc.a(lib_a-svfprintf.o)
                              C:\CodeSourcery\Sourcery G++ Lite/arm-none-eabi/lib/thumb2\libc.a(lib_a-vsprintf.o) (_svfprintf_r)
C:\CodeSourcery\Sourcery G++ Lite/arm-none-eabi/lib/thumb2\libc.a(lib_a-dtoa.o)
                              C:\CodeSourcery\Sourcery G++ Lite/arm-none-eabi/lib/thumb2\libc.a(lib_a-svfprintf.o) (_dtoa_r)
C:\CodeSourcery\Sourcery G++ Lite/arm-none-eabi/lib/thumb2\libc.a(lib_a-locale.o)
                              C:\CodeSourcery\Sourcery G++ Lite/arm-none-eabi/lib/thumb2\libc.a(lib_a-svfprintf.o) (_localeconv_r)
C:\CodeSourcery\Sourcery G++ Lite/arm-none-eabi/lib/thumb2\libc.a(lib_a-malloc.o)
                              C:\CodeSourcery\Sourcery G++ Lite/arm-none-eabi/lib/thumb2\libc.a(lib_a-dtoa.o) (malloc)
C:\CodeSourcery\Sourcery G++ Lite/arm-none-eabi/lib/thumb2\libc.a(lib_a-mallocr.o)
                              C:\CodeSourcery\Sourcery G++ Lite/arm-none-eabi/lib/thumb2\libc.a(lib_a-svfprintf.o) (_malloc_r)
C:\CodeSourcery\Sourcery G++ Lite/arm-none-eabi/lib/thumb2\libc.a(lib_a-memchr-stub.o)
                              C:\CodeSourcery\Sourcery G++ Lite/arm-none-eabi/lib/thumb2\libc.a(lib_a-svfprintf.o) (memchr)
C:\CodeSourcery\Sourcery G++ Lite/arm-none-eabi/lib/thumb2\libc.a(lib_a-memcpy-stub.o)
                              C:\CodeSourcery\Sourcery G++ Lite/arm-none-eabi/lib/thumb2\libc.a(lib_a-dtoa.o) (memcpy)
C:\CodeSourcery\Sourcery G++ Lite/arm-none-eabi/lib/thumb2\libc.a(lib_a-mlock.o)
                              C:\CodeSourcery\Sourcery G++ Lite/arm-none-eabi/lib/thumb2\libc.a(lib_a-mallocr.o) (__malloc_lock)
C:\CodeSourcery\Sourcery G++ Lite/arm-none-eabi/lib/thumb2\libc.a(lib_a-mprec.o)
                              C:\CodeSourcery\Sourcery G++ Lite/arm-none-eabi/lib/thumb2\libc.a(lib_a-dtoa.o) (_Balloc)
C:\CodeSourcery\Sourcery G++ Lite/arm-none-eabi/lib/thumb2\libc.a(lib_a-s_fpclassify.o)
                              C:\CodeSourcery\Sourcery G++ Lite/arm-none-eabi/lib/thumb2\libc.a(lib_a-svfprintf.o) (__fpclassifyd)
C:\CodeSourcery\Sourcery G++ Lite/arm-none-eabi/lib/thumb2\libc.a(lib_a-sbrkr.o)
                              C:\CodeSourcery\Sourcery G++ Lite/arm-none-eabi/lib/thumb2\libc.a(lib_a-mallocr.o) (_sbrk_r)
C:\CodeSourcery\Sourcery G++ Lite/arm-none-eabi/lib/thumb2\libc.a(lib_a-strcmp.o)
                              C:\CodeSourcery\Sourcery G++ Lite/arm-none-eabi/lib/thumb2\libc.a(lib_a-locale.o) (strcmp)
C:\CodeSourcery\Sourcery G++ Lite/arm-none-eabi/lib/thumb2\libc.a(lib_a-svfiprintf.o)
                              C:\CodeSourcery\Sourcery G++ Lite/arm-none-eabi/lib/thumb2\libc.a(lib_a-svfprintf.o) (__ssprint_r)
C:\CodeSourcery\Sourcery G++ Lite/arm-none-eabi/lib/thumb2\libc.a(lib_a-callocr.o)
                              C:\CodeSourcery\Sourcery G++ Lite/arm-none-eabi/lib/thumb2\libc.a(lib_a-mprec.o) (_calloc_r)
C:\CodeSourcery\Sourcery G++ Lite/arm-none-eabi/lib/thumb2\libc.a(lib_a-freer.o)
                              C:\CodeSourcery\Sourcery G++ Lite/arm-none-eabi/lib/thumb2\libc.a(lib_a-malloc.o) (_free_r)
C:\CodeSourcery\Sourcery G++ Lite/arm-none-eabi/lib/thumb2\libc.a(lib_a-memmove.o)
                              C:\CodeSourcery\Sourcery G++ Lite/arm-none-eabi/lib/thumb2\libc.a(lib_a-svfiprintf.o) (memmove)
C:\CodeSourcery\Sourcery G++ Lite/arm-none-eabi/lib/thumb2\libc.a(lib_a-memset.o)
                              C:\CodeSourcery\Sourcery G++ Lite/arm-none-eabi/lib/thumb2\libc.a(lib_a-callocr.o) (memset)
C:\CodeSourcery\Sourcery G++ Lite/arm-none-eabi/lib/thumb2\libc.a(lib_a-reallocr.o)
                              C:\CodeSourcery\Sourcery G++ Lite/arm-none-eabi/lib/thumb2\libc.a(lib_a-svfiprintf.o) (_realloc_r)
C:\CodeSourcery\Sourcery G++ Lite/arm-none-eabi/lib/thumb2\libc.a(lib_a-reent.o)
                              C:\CodeSourcery\Sourcery G++ Lite/arm-none-eabi/lib/thumb2\libc.a(lib_a-sbrkr.o) (errno)
[...]
Memory Configuration

Name             Origin             Length             Attributes
ROM              0x08003000         0x0001d000         xr
RAM              0x20000000         0x00005000         xrw
*default*        0x00000000         0xffffffff

Linker script and memory map

LOAD Graphics.o
LOAD clock.o
LOAD core_cm3.o
LOAD exception.o
LOAD jog_key.o
LOAD led.o
LOAD runtime.o
LOAD systick.o
LOAD timer.o
LOAD uart.o
LOAD asm_fuction.o
LOAD crt0.o
LOAD car.o
LOAD frog.o
LOAD main.o
LOAD object.o
LOAD C:\CodeSourcery\Sourcery G++ Lite/arm-none-eabi/lib/thumb2\libm.a
LOAD .\liblcd.a
LOAD C:\CodeSourcery\Sourcery G++ Lite/arm-none-eabi/lib/thumb2\libc.a
LOAD C:\CodeSourcery\Sourcery G++ Lite/lib/gcc/arm-none-eabi/4.8.1/thumb2\libgcc.a
LOAD C:\CodeSourcery\Sourcery G++ Lite/arm-none-eabi/lib/thumb2\libstdc++.a

.text           0x08003000     0xbd5c
 crt0.o(.text)
 .text          0x08003000      0x140 crt0.o
                0x080030ec                __start
 *(.text)
 .text          0x08003140      0x680 Graphics.o
                0x08003140                Lcd_Eng_Putch
                0x0800333c                Lcd_Puts
                0x08003568                Lcd_Printf
 .text          0x080037c0       0x58 clock.o
                0x080037c0                Clock_Init
 .text          0x08003818       0xa4 core_cm3.o
                0x08003818                __get_PSP
                0x08003820                __set_PSP
                0x08003828                __get_MSP
                0x08003830                __set_MSP
                0x08003838                __get_BASEPRI
                0x08003840                __set_BASEPRI
                0x08003848                __get_PRIMASK
                0x08003850                __set_PRIMASK
                0x08003858                __get_FAULTMASK
                0x08003860                __set_FAULTMASK
                0x08003868                __get_CONTROL
                0x08003870                __set_CONTROL
                0x08003878                __REV
                0x0800387c                __REV16
                0x08003880                __REVSH
                0x08003884                __RBIT
                0x0800388c                __LDREXB
                0x08003894                __LDREXH
                0x0800389c                __LDREXW
                0x080038a4                __STREXB
                0x080038ac                __STREXH
                0x080038b4                __STREXW
 .text          0x080038bc      0x3b4 exception.o
                0x080039e8                Invalid_ISR
                0x08003a1c                HardFault_Handler
                0x08003a98                MemManage_Handler
                0x08003ae4                BusFault_Handler
                0x08003b30                UsageFault_Handler
                0x08003b54                NMI_Handler
                0x08003b5c                PendSV_Handler
                0x08003b64                SysTick_Handler
                0x08003b6c                SVC_Handler
                0x08003b74                TIM4_IRQHandler
                0x08003b98                USART1_IRQHandler
                0x08003bb0                EXTI3_IRQHandler
                0x08003be4                EXTI9_5_IRQHandler
                0x08003c28                EXTI15_10_IRQHandler
 .text          0x08003c70      0x288 jog_key.o
                0x08003c70                Jog_Poll_Init
                0x08003cec                Jog_Get_Pressed_Calm
                0x08003d54                Jog_Get_Pressed
                0x08003d88                Jog_Wait_Key_Pressed
                0x08003dc4                Jog_Wait_Key_Released
                0x08003e00                Jog_ISR_Enable
 .text          0x08003ef8       0x74 led.o
                0x08003ef8                LED_Init
                0x08003f28                LED_Display
                0x08003f44                LED_All_On
                0x08003f58                LED_All_Off
 .text          0x08003f6c       0x44 runtime.o
                0x08003f6c                _sbrk
 .text          0x08003fb0       0x80 systick.o
                0x08003fb0                SysTick_Run
                0x08003ff8                SysTick_Check_Timeout
                0x08004008                SysTick_Get_Time
                0x08004014                SysTick_Get_Load_Time
                0x08004020                SysTick_Stop
 .text          0x08004030      0x1ac timer.o
                0x08004030                TIM2_Delay
                0x08004124                TIM4_Repeat_Interrupt_Enable
 *fill*         0x080041dc        0x4 
 .text          0x080041e0      0x368 uart.o
                0x080041e0                Uart1_Init
                0x08004298                Uart1_Send_Byte
                0x080042d4                Uart1_Send_String
                0x08004318                Uart1_Printf
                0x08004378                Uart1_Get_Pressed
                0x08004390                Uart1_Get_Char
                0x080043a8                Uart1_Get_String
                0x08004444                Uart1_Get_Int_Num
                0x08004500                Uart1_RX_Interrupt_Enable
 .text          0x08004548       0x48 asm_fuction.o
                0x08004548                _HardFault_Handler
                0x0800455a                _MemManage_Handler
                0x0800456c                _BusFault_Handler
                0x0800457e                _UsageFault_Handler
 .text          0x08004590       0x80 car.o
                0x08004590                car::car(int, int, int, int, int, int)
                0x08004590                car::car(int, int, int, int, int, int)
                0x080045ac                car::Car_Move(char (*) [32])
 .text          0x08004610      0x110 frog.o
                0x08004610                frog::frog(int, int, int, int, int, int)
                0x08004610                frog::frog(int, int, int, int, int, int)
                0x0800462c                frog::Frog_Move(int, char (*) [32])
 .text          0x08004720      0x508 main.o
                0x080048cc                abort
                0x080048d0                Main
 .text          0x08004c28       0x68 object.o
                0x08004c28                object::object()
                0x08004c28                object::object()
                0x08004c2c                object::object(int, int, int, int, int, int)
                0x08004c2c                object::object(int, int, int, int, int, int)
                0x08004c40                object::getX()
                0x08004c44                object::getY()
                0x08004c48                object::getW()
                0x08004c4c                object::getH()
                0x08004c50                object::getCi()
                0x08004c54                object::getDir()
                0x08004c58                object::setX(int)
                0x08004c5c                object::setY(int)
                0x08004c60                object::setW(int)
                0x08004c64                object::setH(int)
                0x08004c68                object::setCi(int)
                0x08004c6c                object::setDir(int)
                0x08004c70                object::Draw_Object()
 .text          0x08004c90     0x2f0c .\liblcd.a(lcd.o)
                0x08004c90                Lcd_GPIO_Init
                0x08004cd4                Lcd_Write_Reg
                0x08004d78                Lcd_Write_Data_16Bit
                0x08004df4                Lcd_Reset
                0x08004e58                Lcd_WR_REG
                0x08004eac                Lcd_WR_DATA
                0x08004f00                Lcd_Set_Display_Mode
                0x08005238                Lcd_Write_RAM_Prepare
                0x08005298                Lcd_Set_Windows
                0x080055fc                Lcd_Fill
                0x080056b4                Lcd_Set_Cursor
                0x080059f8                Lcd_Draw_Back_Color
                0x08005a8c                Lcd_Clr_Screen
                0x08005a94                Lcd_Draw_Box
                0x08005b4c                Lcd_Init
                0x080077dc                Lcd_Put_Pixel
 .text          0x08007b9c       0x10 C:\CodeSourcery\Sourcery G++ Lite/arm-none-eabi/lib/thumb2\libc.a(lib_a-atoi.o)
                0x08007b9c                atoi
                0x08007ba4                _atoi_r
 .text          0x08007bac        0x0 C:\CodeSourcery\Sourcery G++ Lite/arm-none-eabi/lib/thumb2\libc.a(lib_a-ctype_.o)
 .text          0x08007bac       0x60 C:\CodeSourcery\Sourcery G++ Lite/arm-none-eabi/lib/thumb2\libc.a(lib_a-strlen.o)
                0x08007bac                strlen
 .text          0x08007c0c      0x158 C:\CodeSourcery\Sourcery G++ Lite/arm-none-eabi/lib/thumb2\libc.a(lib_a-strtol.o)
                0x08007c0c                _strtol_r
                0x08007d48                strtol
 .text          0x08007d64       0x50 C:\CodeSourcery\Sourcery G++ Lite/arm-none-eabi/lib/thumb2\libc.a(lib_a-vsprintf.o)
                0x08007d64                _vsprintf_r
                0x08007d98                vsprintf
 .text          0x08007db4        0x0 C:\CodeSourcery\Sourcery G++ Lite/arm-none-eabi/lib/thumb2\libc.a(lib_a-impure.o)
 .text          0x08007db4     0x14b4 C:\CodeSourcery\Sourcery G++ Lite/arm-none-eabi/lib/thumb2\libc.a(lib_a-svfprintf.o)
                0x08007db4                _svfprintf_r
 .text          0x08009268     0x10d8 C:\CodeSourcery\Sourcery G++ Lite/arm-none-eabi/lib/thumb2\libc.a(lib_a-dtoa.o)
                0x080093b4                _dtoa_r
 .text          0x0800a340       0x9c C:\CodeSourcery\Sourcery G++ Lite/arm-none-eabi/lib/thumb2\libc.a(lib_a-locale.o)
                0x0800a340                _setlocale_r
                0x0800a394                __locale_charset
                0x0800a3a0                __locale_mb_cur_max
                0x0800a3ac                __locale_msgcharset
                0x0800a3b4                __locale_cjk_lang
                0x0800a3b8                _localeconv_r
                0x0800a3c0                setlocale
                0x0800a3d4                localeconv
 .text          0x0800a3dc       0x20 C:\CodeSourcery\Sourcery G++ Lite/arm-none-eabi/lib/thumb2\libc.a(lib_a-malloc.o)
                0x0800a3dc                malloc
                0x0800a3ec                free
 .text          0x0800a3fc      0x570 C:\CodeSourcery\Sourcery G++ Lite/arm-none-eabi/lib/thumb2\libc.a(lib_a-mallocr.o)
                0x0800a3fc                _malloc_r
 .text          0x0800a96c       0x90 C:\CodeSourcery\Sourcery G++ Lite/arm-none-eabi/lib/thumb2\libc.a(lib_a-memchr-stub.o)
                0x0800a96c                memchr
 .text          0x0800a9fc       0xa8 C:\CodeSourcery\Sourcery G++ Lite/arm-none-eabi/lib/thumb2\libc.a(lib_a-memcpy-stub.o)
                0x0800a9fc                memcpy
 .text          0x0800aaa4        0x8 C:\CodeSourcery\Sourcery G++ Lite/arm-none-eabi/lib/thumb2\libc.a(lib_a-mlock.o)
                0x0800aaa4                __malloc_lock
                0x0800aaa8                __malloc_unlock
 .text          0x0800aaac      0x938 C:\CodeSourcery\Sourcery G++ Lite/arm-none-eabi/lib/thumb2\libc.a(lib_a-mprec.o)
                0x0800aaac                _Balloc
                0x0800ab18                _Bfree
                0x0800ab50                __multadd
                0x0800abdc                __s2b
                0x0800ac74                __hi0bits
                0x0800acb0                __lo0bits
                0x0800ad08                __i2b
                0x0800ad1c                __multiply
                0x0800ae5c                __pow5mult
                0x0800af14                __lshift
                0x0800afcc                __mcmp
                0x0800b010                __mdiff
                0x0800b0fc                __ulp
                0x0800b140                __b2d
                0x0800b1ec                __d2b
                0x0800b2a8                __ratio
                0x0800b308                _mprec_log10
                0x0800b33c                __copybits
                0x0800b384                __any_on
 .text          0x0800b3e4       0x50 C:\CodeSourcery\Sourcery G++ Lite/arm-none-eabi/lib/thumb2\libc.a(lib_a-s_fpclassify.o)
                0x0800b3e4                __fpclassifyd
 .text          0x0800b434       0x28 C:\CodeSourcery\Sourcery G++ Lite/arm-none-eabi/lib/thumb2\libc.a(lib_a-sbrkr.o)
                0x0800b434                _sbrk_r
 .text          0x0800b45c      0x23c C:\CodeSourcery\Sourcery G++ Lite/arm-none-eabi/lib/thumb2\libc.a(lib_a-strcmp.o)
                0x0800b45c                strcmp
 .text          0x0800b698      0xbe0 C:\CodeSourcery\Sourcery G++ Lite/arm-none-eabi/lib/thumb2\libc.a(lib_a-svfiprintf.o)
                0x0800b698                __ssprint_r
                0x0800b79c                _svfiprintf_r
 .text          0x0800c278       0x64 C:\CodeSourcery\Sourcery G++ Lite/arm-none-eabi/lib/thumb2\libc.a(lib_a-callocr.o)
                0x0800c278                _calloc_r
 .text          0x0800c2dc      0x23c C:\CodeSourcery\Sourcery G++ Lite/arm-none-eabi/lib/thumb2\libc.a(lib_a-freer.o)
                0x0800c2dc                _malloc_trim_r
                0x0800c380                _free_r
 .text          0x0800c518       0xd0 C:\CodeSourcery\Sourcery G++ Lite/arm-none-eabi/lib/thumb2\libc.a(lib_a-memmove.o)
                0x0800c518                memmove
 .text          0x0800c5e8       0xa0 C:\CodeSourcery\Sourcery G++ Lite/arm-none-eabi/lib/thumb2\libc.a(lib_a-memset.o)
                0x0800c5e8                memset
 .text          0x0800c688      0x3ec C:\CodeSourcery\Sourcery G++ Lite/arm-none-eabi/lib/thumb2\libc.a(lib_a-reallocr.o)
                0x0800c688                _realloc_r
 .text          0x0800ca74       0xf4 C:\CodeSourcery\Sourcery G++ Lite/arm-none-eabi/lib/thumb2\libc.a(lib_a-reent.o)
                0x0800ca74                cleanup_glue
                0x0800ca90                _reclaim_reent
 .text          0x0800cb68      0x278 C:\CodeSourcery\Sourcery G++ Lite/lib/gcc/arm-none-eabi/4.8.1/thumb2\libgcc.a(_udivsi3.o)
                0x0800cb68                __aeabi_uidiv
                0x0800cb68                __udivsi3
                0x0800cdc4                __aeabi_uidivmod
 .text          0x0800cde0        0x4 C:\CodeSourcery\Sourcery G++ Lite/lib/gcc/arm-none-eabi/4.8.1/thumb2\libgcc.a(_dvmd_tls.o)
                0x0800cde0                __aeabi_idiv0
                0x0800cde0                __aeabi_ldiv0
 .text          0x0800cde4      0x370 C:\CodeSourcery\Sourcery G++ Lite/lib/gcc/arm-none-eabi/4.8.1/thumb2\libgcc.a(_arm_addsubdf3.o)
                0x0800cde4                __aeabi_drsub
                0x0800cdec                __aeabi_dsub
                0x0800cdec                __subdf3
                0x0800cdf0                __aeabi_dadd
                0x0800cdf0                __adddf3
                0x0800d068                __floatunsidf
                0x0800d068                __aeabi_ui2d
                0x0800d088                __floatsidf
                0x0800d088                __aeabi_i2d
                0x0800d0ac                __aeabi_f2d
                0x0800d0ac                __extendsfdf2
                0x0800d0e8                __floatundidf
                0x0800d0e8                __aeabi_ul2d
                0x0800d0f8                __floatdidf
                0x0800d0f8                __aeabi_l2d
 .text          0x0800d154      0x424 C:\CodeSourcery\Sourcery G++ Lite/lib/gcc/arm-none-eabi/4.8.1/thumb2\libgcc.a(_arm_muldivdf3.o)
                0x0800d154                __aeabi_dmul
                0x0800d154                __muldf3
                0x0800d3a8                __divdf3
                0x0800d3a8                __aeabi_ddiv
 .text          0x0800d578      0x110 C:\CodeSourcery\Sourcery G++ Lite/lib/gcc/arm-none-eabi/4.8.1/thumb2\libgcc.a(_arm_cmpdf2.o)
                0x0800d578                __gtdf2
                0x0800d578                __gedf2
                0x0800d580                __ltdf2
                0x0800d580                __ledf2
                0x0800d588                __nedf2
                0x0800d588                __eqdf2
                0x0800d588                __cmpdf2
                0x0800d604                __aeabi_cdrcmple
                0x0800d614                __aeabi_cdcmpeq
                0x0800d614                __aeabi_cdcmple
                0x0800d624                __aeabi_dcmpeq
                0x0800d638                __aeabi_dcmplt
                0x0800d64c                __aeabi_dcmple
                0x0800d660                __aeabi_dcmpge
                0x0800d674                __aeabi_dcmpgt
 .text          0x0800d688       0x50 C:\CodeSourcery\Sourcery G++ Lite/lib/gcc/arm-none-eabi/4.8.1/thumb2\libgcc.a(_arm_fixdfsi.o)
                0x0800d688                __aeabi_d2iz
                0x0800d688                __fixdfsi
 .text          0x0800d6d8       0x40 C:\CodeSourcery\Sourcery G++ Lite/lib/gcc/arm-none-eabi/4.8.1/thumb2\libgcc.a(_arm_fixunsdfsi.o)
                0x0800d6d8                __aeabi_d2uiz
                0x0800d6d8                __fixunsdfsi
 .text          0x0800d718       0x2c C:\CodeSourcery\Sourcery G++ Lite/lib/gcc/arm-none-eabi/4.8.1/thumb2\libgcc.a(_aeabi_uldivmod.o)
                0x0800d718                __aeabi_uldivmod
 .text          0x0800d744       0x60 C:\CodeSourcery\Sourcery G++ Lite/lib/gcc/arm-none-eabi/4.8.1/thumb2\libgcc.a(bpabi.o)
                0x0800d744                __gnu_ldivmod_helper
                0x0800d774                __gnu_uldivmod_helper
 .text          0x0800d7a4      0xa38 C:\CodeSourcery\Sourcery G++ Lite/lib/gcc/arm-none-eabi/4.8.1/thumb2\libgcc.a(unwind-arm.o)
                0x0800da90                _Unwind_GetCFA
                0x0800da94                __gnu_Unwind_RaiseException
                0x0800daf4                __gnu_Unwind_ForcedUnwind
                0x0800db08                __gnu_Unwind_Resume
                0x0800db4c                __gnu_Unwind_Resume_or_Rethrow
                0x0800db64                _Unwind_Complete
                0x0800db68                _Unwind_DeleteException
                0x0800db78                _Unwind_VRS_Get
                0x0800dbd0                _Unwind_VRS_Set
                0x0800dc2c                __gnu_Unwind_Backtrace
                0x0800df60                __aeabi_unwind_cpp_pr0
                0x0800df64                __aeabi_unwind_cpp_pr1
                0x0800df68                __aeabi_unwind_cpp_pr2
                0x0800df6c                _Unwind_VRS_Pop
 .text          0x0800e1dc      0x1ac C:\CodeSourcery\Sourcery G++ Lite/lib/gcc/arm-none-eabi/4.8.1/thumb2\libgcc.a(libunwind.o)
                0x0800e1dc                __restore_core_regs
                0x0800e1dc                restore_core_regs
                0x0800e1f4                __gnu_Unwind_Restore_VFP
                0x0800e1fc                __gnu_Unwind_Save_VFP
                0x0800e204                __gnu_Unwind_Restore_VFP_D
                0x0800e20c                __gnu_Unwind_Save_VFP_D
                0x0800e214                __gnu_Unwind_Restore_VFP_D_16_to_31
                0x0800e21c                __gnu_Unwind_Save_VFP_D_16_to_31
                0x0800e224                __gnu_Unwind_Restore_WMMXD
                0x0800e268                __gnu_Unwind_Save_WMMXD
                0x0800e2ac                __gnu_Unwind_Restore_WMMXC
                0x0800e2c0                __gnu_Unwind_Save_WMMXC
                0x0800e2d4                ___Unwind_RaiseException
                0x0800e2d4                _Unwind_RaiseException
                0x0800e2f8                _Unwind_Resume
                0x0800e2f8                ___Unwind_Resume
                0x0800e31c                _Unwind_Resume_or_Rethrow
                0x0800e31c                ___Unwind_Resume_or_Rethrow
                0x0800e340                _Unwind_ForcedUnwind
                0x0800e340                ___Unwind_ForcedUnwind
                0x0800e364                ___Unwind_Backtrace
                0x0800e364                _Unwind_Backtrace
 .text          0x0800e388      0x380 C:\CodeSourcery\Sourcery G++ Lite/lib/gcc/arm-none-eabi/4.8.1/thumb2\libgcc.a(pr-support.o)
                0x0800e3dc                __gnu_unwind_execute
                0x0800e6ac                __gnu_unwind_frame
                0x0800e6d8                _Unwind_GetRegionStart
                0x0800e6e4                _Unwind_GetLanguageSpecificData
                0x0800e6f8                _Unwind_GetDataRelBase
                0x0800e700                _Unwind_GetTextRelBase
 .text          0x0800e708      0x354 C:\CodeSourcery\Sourcery G++ Lite/lib/gcc/arm-none-eabi/4.8.1/thumb2\libgcc.a(_divdi3.o)
                0x0800e708                __divdi3
 .text          0x0800ea5c      0x300 C:\CodeSourcery\Sourcery G++ Lite/lib/gcc/arm-none-eabi/4.8.1/thumb2\libgcc.a(_udivdi3.o)
                0x0800ea5c                __udivdi3
                0x0800ed5c                . = ALIGN (0x4)

.glue_7         0x0800ed5c        0x0
 .glue_7        0x00000000        0x0 linker stubs

.glue_7t        0x0800ed5c        0x0
 .glue_7t       0x00000000        0x0 linker stubs

.vfp11_veneer   0x0800ed5c        0x0
 .vfp11_veneer  0x00000000        0x0 linker stubs

.v4_bx          0x0800ed5c        0x0
 .v4_bx         0x00000000        0x0 linker stubs

.iplt           0x0800ed5c        0x0
 .iplt          0x00000000        0x0 Graphics.o

.ARM.extab      0x0800ed5c       0x24
 *(.ARM.extab* .gnu.linkonce.armextab.*)
 .ARM.extab     0x0800ed5c        0x0 car.o
 .ARM.extab     0x0800ed5c        0x0 frog.o
 .ARM.extab     0x0800ed5c        0x0 main.o
 .ARM.extab     0x0800ed5c        0x0 object.o
 .ARM.extab     0x0800ed5c        0xc C:\CodeSourcery\Sourcery G++ Lite/lib/gcc/arm-none-eabi/4.8.1/thumb2\libgcc.a(unwind-arm.o)
 .ARM.extab     0x0800ed68       0x18 C:\CodeSourcery\Sourcery G++ Lite/lib/gcc/arm-none-eabi/4.8.1/thumb2\libgcc.a(pr-support.o)
 .ARM.extab     0x0800ed80        0x0 C:\CodeSourcery\Sourcery G++ Lite/lib/gcc/arm-none-eabi/4.8.1/thumb2\libgcc.a(_divdi3.o)
 .ARM.extab     0x0800ed80        0x0 C:\CodeSourcery\Sourcery G++ Lite/lib/gcc/arm-none-eabi/4.8.1/thumb2\libgcc.a(_udivdi3.o)
                0x0800ed80                . = ALIGN (0x4)
                0x0800ed80                __exidx_start = .

.ARM.exidx      0x0800ed80      0x110
 *(.ARM.exidx* .gnu.linkonce.armexidx.*)
 .ARM.exidx     0x0800ed80       0x10 car.o
 .ARM.exidx     0x0800ed90       0x10 frog.o
 .ARM.exidx     0x0800eda0       0x18 main.o
 .ARM.exidx     0x0800edb8       0x18 object.o
                                 0x78 (size before relaxing)
 .ARM.exidx     0x0800edd0       0x88 C:\CodeSourcery\Sourcery G++ Lite/lib/gcc/arm-none-eabi/4.8.1/thumb2\libgcc.a(unwind-arm.o)
                                 0xd8 (size before relaxing)
 .ARM.exidx     0x0800ee58       0x38 C:\CodeSourcery\Sourcery G++ Lite/lib/gcc/arm-none-eabi/4.8.1/thumb2\libgcc.a(pr-support.o)
                                 0x48 (size before relaxing)
 .ARM.exidx     0x0800ee90        0x0 C:\CodeSourcery\Sourcery G++ Lite/lib/gcc/arm-none-eabi/4.8.1/thumb2\libgcc.a(_divdi3.o)
                                  0x8 (size before relaxing)
 .ARM.exidx     0x0800ee90        0x0 C:\CodeSourcery\Sourcery G++ Lite/lib/gcc/arm-none-eabi/4.8.1/thumb2\libgcc.a(_udivdi3.o)
                                  0x8 (size before relaxing)
                0x0800ee90                . = ALIGN (0x4)
                0x0800ee90                __exidx_end = .

.rodata         0x0800ee90     0x15e0
                0x0800ee90                __RO_BASE__ = .
 *(.rodata)
 .rodata        0x0800ee90     0x1008 Graphics.o
                0x0800ee98                eng8x16
 .rodata        0x0800fe98       0x50 exception.o
 .rodata        0x0800fee8        0xc main.o
 .rodata        0x0800fef4        0xc object.o
 .rodata        0x0800ff00      0x104 C:\CodeSourcery\Sourcery G++ Lite/arm-none-eabi/lib/thumb2\libc.a(lib_a-ctype_.o)
                0x0800ff00                _ctype_
 .rodata        0x08010004        0x4 C:\CodeSourcery\Sourcery G++ Lite/arm-none-eabi/lib/thumb2\libc.a(lib_a-impure.o)
                0x08010004                _global_impure_ptr
 .rodata        0x08010008       0x20 C:\CodeSourcery\Sourcery G++ Lite/arm-none-eabi/lib/thumb2\libc.a(lib_a-svfprintf.o)
 .rodata        0x08010028      0x128 C:\CodeSourcery\Sourcery G++ Lite/arm-none-eabi/lib/thumb2\libc.a(lib_a-mprec.o)
                0x08010038                __mprec_tens
                0x08010100                __mprec_tinytens
                0x08010128                __mprec_bigtens
 .rodata        0x08010150       0x20 C:\CodeSourcery\Sourcery G++ Lite/arm-none-eabi/lib/thumb2\libc.a(lib_a-svfiprintf.o)
 *(.rodata.*)
 .rodata.str1.4
                0x08010170      0x1d1 exception.o
                                0x1d4 (size before relaxing)
 *fill*         0x08010341        0x3 
 .rodata.str1.4
                0x08010344        0x4 uart.o
 .rodata.str1.4
                0x08010348       0xc3 main.o
                                 0xc4 (size before relaxing)
 *fill*         0x0801040b        0x1 
 .rodata.str1.4
                0x0801040c        0x2 C:\CodeSourcery\Sourcery G++ Lite/arm-none-eabi/lib/thumb2\libc.a(lib_a-impure.o)
                                  0x4 (size before relaxing)
 *fill*         0x0801040e        0x2 
 .rodata.str1.4
                0x08010410       0x42 C:\CodeSourcery\Sourcery G++ Lite/arm-none-eabi/lib/thumb2\libc.a(lib_a-svfprintf.o)
                                 0x44 (size before relaxing)
 *fill*         0x08010452        0x2 
 .rodata.str1.4
                0x08010454       0x10 C:\CodeSourcery\Sourcery G++ Lite/arm-none-eabi/lib/thumb2\libc.a(lib_a-dtoa.o)
                                 0x14 (size before relaxing)
 .rodata.str1.4
                0x08010464        0xc C:\CodeSourcery\Sourcery G++ Lite/arm-none-eabi/lib/thumb2\libc.a(lib_a-locale.o)
                                 0x14 (size before relaxing)
 .rodata.str1.4
                0x00000000       0x30 C:\CodeSourcery\Sourcery G++ Lite/arm-none-eabi/lib/thumb2\libc.a(lib_a-svfiprintf.o)
                0x08010470                . = ALIGN (0x8)
                0x08010470                __RO_LIMIT__ = .

.rel.dyn        0x08010470        0x0
 .rel.iplt      0x00000000        0x0 Graphics.o

.data           0x20000000      0xbe0 load address 0x08010470
                0x20000000                __RW_BASE__ = .
 *(.data)
 .data          0x20000000        0x0 Graphics.o
 .data          0x20000000        0x0 clock.o
 .data          0x20000000        0x0 core_cm3.o
 .data          0x20000000        0x0 exception.o
 .data          0x20000000        0x0 jog_key.o
 .data          0x20000000        0x0 led.o
 .data          0x20000000        0x0 runtime.o
 .data          0x20000000        0x0 systick.o
 .data          0x20000000        0x0 timer.o
 .data          0x20000000        0x0 uart.o
 .data          0x20000000        0x0 asm_fuction.o
 .data          0x20000000        0x0 crt0.o
 .data          0x20000000        0x0 car.o
 .data          0x20000000        0x0 frog.o
 .data          0x20000000      0x658 main.o
                0x20000000                mapNum
                0x20000004                enemyX
                0x2000002c                enemyY
                0x20000054                map
                0x20000654                foodCount
 .data          0x20000658        0x0 object.o
 .data          0x20000658        0x2 .\liblcd.a(lcd.o)
                0x20000658                BACK_COLOR
 .data          0x2000065a        0x0 C:\CodeSourcery\Sourcery G++ Lite/arm-none-eabi/lib/thumb2\libc.a(lib_a-atoi.o)
 *fill*         0x2000065a        0x2 
 .data          0x2000065c        0x4 C:\CodeSourcery\Sourcery G++ Lite/arm-none-eabi/lib/thumb2\libc.a(lib_a-ctype_.o)
                0x2000065c                __ctype_ptr__
 .data          0x20000660        0x0 C:\CodeSourcery\Sourcery G++ Lite/arm-none-eabi/lib/thumb2\libc.a(lib_a-strlen.o)
 .data          0x20000660        0x0 C:\CodeSourcery\Sourcery G++ Lite/arm-none-eabi/lib/thumb2\libc.a(lib_a-strtol.o)
 .data          0x20000660        0x0 C:\CodeSourcery\Sourcery G++ Lite/arm-none-eabi/lib/thumb2\libc.a(lib_a-vsprintf.o)
 .data          0x20000660       0xf4 C:\CodeSourcery\Sourcery G++ Lite/arm-none-eabi/lib/thumb2\libc.a(lib_a-impure.o)
                0x20000660                _impure_ptr
 .data          0x20000754        0x0 C:\CodeSourcery\Sourcery G++ Lite/arm-none-eabi/lib/thumb2\libc.a(lib_a-svfprintf.o)
 .data          0x20000754        0x0 C:\CodeSourcery\Sourcery G++ Lite/arm-none-eabi/lib/thumb2\libc.a(lib_a-dtoa.o)
 .data          0x20000754       0x7c C:\CodeSourcery\Sourcery G++ Lite/arm-none-eabi/lib/thumb2\libc.a(lib_a-locale.o)
                0x20000774                __mb_cur_max
 .data          0x200007d0        0x0 C:\CodeSourcery\Sourcery G++ Lite/arm-none-eabi/lib/thumb2\libc.a(lib_a-malloc.o)
 .data          0x200007d0      0x410 C:\CodeSourcery\Sourcery G++ Lite/arm-none-eabi/lib/thumb2\libc.a(lib_a-mallocr.o)
                0x200007d0                __malloc_av_
                0x20000bd8                __malloc_sbrk_base
                0x20000bdc                __malloc_trim_threshold
 .data          0x20000be0        0x0 C:\CodeSourcery\Sourcery G++ Lite/arm-none-eabi/lib/thumb2\libc.a(lib_a-memchr-stub.o)
 .data          0x20000be0        0x0 C:\CodeSourcery\Sourcery G++ Lite/arm-none-eabi/lib/thumb2\libc.a(lib_a-memcpy-stub.o)
 .data          0x20000be0        0x0 C:\CodeSourcery\Sourcery G++ Lite/arm-none-eabi/lib/thumb2\libc.a(lib_a-mlock.o)
 .data          0x20000be0        0x0 C:\CodeSourcery\Sourcery G++ Lite/arm-none-eabi/lib/thumb2\libc.a(lib_a-mprec.o)
 .data          0x20000be0        0x0 C:\CodeSourcery\Sourcery G++ Lite/arm-none-eabi/lib/thumb2\libc.a(lib_a-s_fpclassify.o)
 .data          0x20000be0        0x0 C:\CodeSourcery\Sourcery G++ Lite/arm-none-eabi/lib/thumb2\libc.a(lib_a-sbrkr.o)
 .data          0x20000be0        0x0 C:\CodeSourcery\Sourcery G++ Lite/arm-none-eabi/lib/thumb2\libc.a(lib_a-strcmp.o)
 .data          0x20000be0        0x0 C:\CodeSourcery\Sourcery G++ Lite/arm-none-eabi/lib/thumb2\libc.a(lib_a-svfiprintf.o)
 .data          0x20000be0        0x0 C:\CodeSourcery\Sourcery G++ Lite/arm-none-eabi/lib/thumb2\libc.a(lib_a-callocr.o)
 .data          0x20000be0        0x0 C:\CodeSourcery\Sourcery G++ Lite/arm-none-eabi/lib/thumb2\libc.a(lib_a-freer.o)
 .data          0x20000be0        0x0 C:\CodeSourcery\Sourcery G++ Lite/arm-none-eabi/lib/thumb2\libc.a(lib_a-memmove.o)
 .data          0x20000be0        0x0 C:\CodeSourcery\Sourcery G++ Lite/arm-none-eabi/lib/thumb2\libc.a(lib_a-memset.o)
 .data          0x20000be0        0x0 C:\CodeSourcery\Sourcery G++ Lite/arm-none-eabi/lib/thumb2\libc.a(lib_a-reallocr.o)
 .data          0x20000be0        0x0 C:\CodeSourcery\Sourcery G++ Lite/arm-none-eabi/lib/thumb2\libc.a(lib_a-reent.o)
 .data          0x20000be0        0x0 C:\CodeSourcery\Sourcery G++ Lite/lib/gcc/arm-none-eabi/4.8.1/thumb2\libgcc.a(_udivsi3.o)
 .data          0x20000be0        0x0 C:\CodeSourcery\Sourcery G++ Lite/lib/gcc/arm-none-eabi/4.8.1/thumb2\libgcc.a(_dvmd_tls.o)
 .data          0x20000be0        0x0 C:\CodeSourcery\Sourcery G++ Lite/lib/gcc/arm-none-eabi/4.8.1/thumb2\libgcc.a(_arm_addsubdf3.o)
 .data          0x20000be0        0x0 C:\CodeSourcery\Sourcery G++ Lite/lib/gcc/arm-none-eabi/4.8.1/thumb2\libgcc.a(_arm_muldivdf3.o)
 .data          0x20000be0        0x0 C:\CodeSourcery\Sourcery G++ Lite/lib/gcc/arm-none-eabi/4.8.1/thumb2\libgcc.a(_arm_cmpdf2.o)
 .data          0x20000be0        0x0 C:\CodeSourcery\Sourcery G++ Lite/lib/gcc/arm-none-eabi/4.8.1/thumb2\libgcc.a(_arm_fixdfsi.o)
 .data          0x20000be0        0x0 C:\CodeSourcery\Sourcery G++ Lite/lib/gcc/arm-none-eabi/4.8.1/thumb2\libgcc.a(_arm_fixunsdfsi.o)
 .data          0x20000be0        0x0 C:\CodeSourcery\Sourcery G++ Lite/lib/gcc/arm-none-eabi/4.8.1/thumb2\libgcc.a(_aeabi_uldivmod.o)
 .data          0x20000be0        0x0 C:\CodeSourcery\Sourcery G++ Lite/lib/gcc/arm-none-eabi/4.8.1/thumb2\libgcc.a(bpabi.o)
 .data          0x20000be0        0x0 C:\CodeSourcery\Sourcery G++ Lite/lib/gcc/arm-none-eabi/4.8.1/thumb2\libgcc.a(unwind-arm.o)
 .data          0x20000be0        0x0 C:\CodeSourcery\Sourcery G++ Lite/lib/gcc/arm-none-eabi/4.8.1/thumb2\libgcc.a(libunwind.o)
 .data          0x20000be0        0x0 C:\CodeSourcery\Sourcery G++ Lite/lib/gcc/arm-none-eabi/4.8.1/thumb2\libgcc.a(pr-support.o)
 .data          0x20000be0        0x0 C:\CodeSourcery\Sourcery G++ Lite/lib/gcc/arm-none-eabi/4.8.1/thumb2\libgcc.a(_divdi3.o)
 .data          0x20000be0        0x0 C:\CodeSourcery\Sourcery G++ Lite/lib/gcc/arm-none-eabi/4.8.1/thumb2\libgcc.a(_udivdi3.o)
 *(.data.*)
                0x20000be0                . = ALIGN (0x4)
                0x20000be0                __RW_LIMIT__ = .
                0x00000be0                __RW_SIZE__ = SIZEOF (.data)
                0x08010470                __RW_LOAD_ADDR__ = LOADADDR (.data)

.igot.plt       0x20000be0        0x0 load address 0x08011050
 .igot.plt      0x00000000        0x0 Graphics.o

.bss            0x20000be0       0x70 load address 0x08011050
                0x20000be0                __ZI_BASE__ = .
 *(.bss)
 .bss           0x20000be0        0x0 Graphics.o
 .bss           0x20000be0        0x0 clock.o
 .bss           0x20000be0        0x0 core_cm3.o
 .bss           0x20000be0       0x14 exception.o
                0x20000be0                TIM4_expired
                0x20000be4                USART1_rx_ready
                0x20000be8                USART1_rx_data
                0x20000bec                Jog_key_in
                0x20000bf0                Jog_key
 .bss           0x20000bf4        0x0 jog_key.o
 .bss           0x20000bf4        0x0 led.o
 .bss           0x20000bf4        0x4 runtime.o
 .bss           0x20000bf8        0x0 systick.o
 .bss           0x20000bf8        0x0 timer.o
 .bss           0x20000bf8        0x0 uart.o
 .bss           0x20000bf8        0x0 asm_fuction.o
 .bss           0x20000bf8        0x0 crt0.o
 .bss           0x20000bf8        0x0 car.o
 .bss           0x20000bf8        0x0 frog.o
 .bss           0x20000bf8        0x4 main.o
 .bss           0x20000bfc        0x0 object.o
 .bss           0x20000bfc       0x10 .\liblcd.a(lcd.o)
                0x20000bfc                lcddev
                0x20000c08                POINT_COLOR
 .bss           0x20000c0c        0x0 C:\CodeSourcery\Sourcery G++ Lite/arm-none-eabi/lib/thumb2\libc.a(lib_a-atoi.o)
 .bss           0x20000c0c        0x0 C:\CodeSourcery\Sourcery G++ Lite/arm-none-eabi/lib/thumb2\libc.a(lib_a-ctype_.o)
 .bss           0x20000c0c        0x0 C:\CodeSourcery\Sourcery G++ Lite/arm-none-eabi/lib/thumb2\libc.a(lib_a-strlen.o)
 .bss           0x20000c0c        0x0 C:\CodeSourcery\Sourcery G++ Lite/arm-none-eabi/lib/thumb2\libc.a(lib_a-strtol.o)
 .bss           0x20000c0c        0x0 C:\CodeSourcery\Sourcery G++ Lite/arm-none-eabi/lib/thumb2\libc.a(lib_a-vsprintf.o)
 .bss           0x20000c0c        0x0 C:\CodeSourcery\Sourcery G++ Lite/arm-none-eabi/lib/thumb2\libc.a(lib_a-impure.o)
 .bss           0x20000c0c        0x0 C:\CodeSourcery\Sourcery G++ Lite/arm-none-eabi/lib/thumb2\libc.a(lib_a-svfprintf.o)
 .bss           0x20000c0c        0x0 C:\CodeSourcery\Sourcery G++ Lite/arm-none-eabi/lib/thumb2\libc.a(lib_a-dtoa.o)
 .bss           0x20000c0c        0xc C:\CodeSourcery\Sourcery G++ Lite/arm-none-eabi/lib/thumb2\libc.a(lib_a-locale.o)
                0x20000c0c                _PathLocale
                0x20000c10                __mlocale_changed
                0x20000c14                __nlocale_changed
 .bss           0x20000c18        0x0 C:\CodeSourcery\Sourcery G++ Lite/arm-none-eabi/lib/thumb2\libc.a(lib_a-malloc.o)
 .bss           0x20000c18       0x34 C:\CodeSourcery\Sourcery G++ Lite/arm-none-eabi/lib/thumb2\libc.a(lib_a-mallocr.o)
                0x20000c18                __malloc_top_pad
                0x20000c1c                __malloc_current_mallinfo
                0x20000c44                __malloc_max_sbrked_mem
                0x20000c48                __malloc_max_total_mem
 .bss           0x20000c4c        0x0 C:\CodeSourcery\Sourcery G++ Lite/arm-none-eabi/lib/thumb2\libc.a(lib_a-memchr-stub.o)
 .bss           0x20000c4c        0x0 C:\CodeSourcery\Sourcery G++ Lite/arm-none-eabi/lib/thumb2\libc.a(lib_a-memcpy-stub.o)
 .bss           0x20000c4c        0x0 C:\CodeSourcery\Sourcery G++ Lite/arm-none-eabi/lib/thumb2\libc.a(lib_a-mlock.o)
 .bss           0x20000c4c        0x0 C:\CodeSourcery\Sourcery G++ Lite/arm-none-eabi/lib/thumb2\libc.a(lib_a-mprec.o)
 .bss           0x20000c4c        0x0 C:\CodeSourcery\Sourcery G++ Lite/arm-none-eabi/lib/thumb2\libc.a(lib_a-s_fpclassify.o)
 .bss           0x20000c4c        0x0 C:\CodeSourcery\Sourcery G++ Lite/arm-none-eabi/lib/thumb2\libc.a(lib_a-sbrkr.o)
 .bss           0x20000c4c        0x0 C:\CodeSourcery\Sourcery G++ Lite/arm-none-eabi/lib/thumb2\libc.a(lib_a-strcmp.o)
 .bss           0x20000c4c        0x0 C:\CodeSourcery\Sourcery G++ Lite/arm-none-eabi/lib/thumb2\libc.a(lib_a-svfiprintf.o)
 .bss           0x20000c4c        0x0 C:\CodeSourcery\Sourcery G++ Lite/arm-none-eabi/lib/thumb2\libc.a(lib_a-callocr.o)
 .bss           0x20000c4c        0x0 C:\CodeSourcery\Sourcery G++ Lite/arm-none-eabi/lib/thumb2\libc.a(lib_a-freer.o)
 .bss           0x20000c4c        0x0 C:\CodeSourcery\Sourcery G++ Lite/arm-none-eabi/lib/thumb2\libc.a(lib_a-memmove.o)
 .bss           0x20000c4c        0x0 C:\CodeSourcery\Sourcery G++ Lite/arm-none-eabi/lib/thumb2\libc.a(lib_a-memset.o)
 .bss           0x20000c4c        0x0 C:\CodeSourcery\Sourcery G++ Lite/arm-none-eabi/lib/thumb2\libc.a(lib_a-reallocr.o)
 .bss           0x20000c4c        0x0 C:\CodeSourcery\Sourcery G++ Lite/arm-none-eabi/lib/thumb2\libc.a(lib_a-reent.o)
 .bss           0x20000c4c        0x0 C:\CodeSourcery\Sourcery G++ Lite/lib/gcc/arm-none-eabi/4.8.1/thumb2\libgcc.a(_udivsi3.o)
 .bss           0x20000c4c        0x0 C:\CodeSourcery\Sourcery G++ Lite/lib/gcc/arm-none-eabi/4.8.1/thumb2\libgcc.a(_dvmd_tls.o)
 .bss           0x20000c4c        0x0 C:\CodeSourcery\Sourcery G++ Lite/lib/gcc/arm-none-eabi/4.8.1/thumb2\libgcc.a(_arm_addsubdf3.o)
 .bss           0x20000c4c        0x0 C:\CodeSourcery\Sourcery G++ Lite/lib/gcc/arm-none-eabi/4.8.1/thumb2\libgcc.a(_arm_muldivdf3.o)
 .bss           0x20000c4c        0x0 C:\CodeSourcery\Sourcery G++ Lite/lib/gcc/arm-none-eabi/4.8.1/thumb2\libgcc.a(_arm_cmpdf2.o)
 .bss           0x20000c4c        0x0 C:\CodeSourcery\Sourcery G++ Lite/lib/gcc/arm-none-eabi/4.8.1/thumb2\libgcc.a(_arm_fixdfsi.o)
 .bss           0x20000c4c        0x0 C:\CodeSourcery\Sourcery G++ Lite/lib/gcc/arm-none-eabi/4.8.1/thumb2\libgcc.a(_arm_fixunsdfsi.o)
 .bss           0x20000c4c        0x0 C:\CodeSourcery\Sourcery G++ Lite/lib/gcc/arm-none-eabi/4.8.1/thumb2\libgcc.a(_aeabi_uldivmod.o)
 .bss           0x20000c4c        0x0 C:\CodeSourcery\Sourcery G++ Lite/lib/gcc/arm-none-eabi/4.8.1/thumb2\libgcc.a(bpabi.o)
 .bss           0x20000c4c        0x0 C:\CodeSourcery\Sourcery G++ Lite/lib/gcc/arm-none-eabi/4.8.1/thumb2\libgcc.a(unwind-arm.o)
 .bss           0x20000c4c        0x0 C:\CodeSourcery\Sourcery G++ Lite/lib/gcc/arm-none-eabi/4.8.1/thumb2\libgcc.a(libunwind.o)
 .bss           0x20000c4c        0x0 C:\CodeSourcery\Sourcery G++ Lite/lib/gcc/arm-none-eabi/4.8.1/thumb2\libgcc.a(pr-support.o)
 .bss           0x20000c4c        0x0 C:\CodeSourcery\Sourcery G++ Lite/lib/gcc/arm-none-eabi/4.8.1/thumb2\libgcc.a(_divdi3.o)
 .bss           0x20000c4c        0x0 C:\CodeSourcery\Sourcery G++ Lite/lib/gcc/arm-none-eabi/4.8.1/thumb2\libgcc.a(_udivdi3.o)
 *(.bss.*)
                0x20000c4c                . = ALIGN (0x4)
                0x20000c4c                __ZI_LIMIT__ = .
 COMMON         0x20000c4c        0x4 C:\CodeSourcery\Sourcery G++ Lite/arm-none-eabi/lib/thumb2\libc.a(lib_a-reent.o)
                0x20000c4c                errno
                0x00000070                __ZI_SIZE__ = SIZEOF (.bss)
OUTPUT(rom_0x08003000.elf elf32-littlearm)

.debug_info     0x00000000     0x81db
 .debug_info    0x00000000      0xa20 Graphics.o
 .debug_info    0x00000a20      0x1cb clock.o
 .debug_info    0x00000beb      0x509 core_cm3.o
 .debug_info    0x000010f4      0xe66 exception.o
 .debug_info    0x00001f5a      0x79e jog_key.o
 .debug_info    0x000026f8      0x1fb led.o
 .debug_info    0x000028f3       0xff runtime.o
 .debug_info    0x000029f2      0x15f systick.o
 .debug_info    0x00002b51      0x6e8 timer.o
 .debug_info    0x00003239      0x9af uart.o
 .debug_info    0x00003be8       0x4d asm_fuction.o
 .debug_info    0x00003c35       0x46 crt0.o
 .debug_info    0x00003c7b      0x457 car.o
 .debug_info    0x000040d2      0x415 frog.o
 .debug_info    0x000044e7      0xff5 main.o
 .debug_info    0x000054dc      0x5dd object.o
 .debug_info    0x00005ab9     0x2722 .\liblcd.a(lcd.o)

.debug_abbrev   0x00000000     0x1add
 .debug_abbrev  0x00000000      0x217 Graphics.o
 .debug_abbrev  0x00000217       0x9f clock.o
 .debug_abbrev  0x000002b6       0xbd core_cm3.o
 .debug_abbrev  0x00000373      0x26c exception.o
 .debug_abbrev  0x000005df      0x229 jog_key.o
 .debug_abbrev  0x00000808       0xc8 led.o
 .debug_abbrev  0x000008d0       0xa5 runtime.o
 .debug_abbrev  0x00000975       0xe9 systick.o
 .debug_abbrev  0x00000a5e      0x19a timer.o
 .debug_abbrev  0x00000bf8      0x361 uart.o
 .debug_abbrev  0x00000f59       0x14 asm_fuction.o
 .debug_abbrev  0x00000f6d       0x14 crt0.o
 .debug_abbrev  0x00000f81      0x1bb car.o
 .debug_abbrev  0x0000113c      0x17b frog.o
 .debug_abbrev  0x000012b7      0x350 main.o
 .debug_abbrev  0x00001607      0x19f object.o
 .debug_abbrev  0x000017a6      0x337 .\liblcd.a(lcd.o)

.debug_loc      0x00000000     0x26c9
 .debug_loc     0x00000000      0x788 Graphics.o
 .debug_loc     0x00000788      0x33a core_cm3.o
 .debug_loc     0x00000ac2      0x43f exception.o
 .debug_loc     0x00000f01      0x3f8 jog_key.o
 .debug_loc     0x000012f9       0x2f led.o
 .debug_loc     0x00001328       0x75 runtime.o
 .debug_loc     0x0000139d       0x21 systick.o
 .debug_loc     0x000013be       0xaf timer.o
 .debug_loc     0x0000146d      0x358 uart.o
 .debug_loc     0x000017c5       0xa2 car.o
 .debug_loc     0x00001867      0x159 frog.o
 .debug_loc     0x000019c0      0x199 main.o
 .debug_loc     0x00001b59      0x147 object.o
 .debug_loc     0x00001ca0      0xa29 .\liblcd.a(lcd.o)

.debug_aranges  0x00000000      0x220
 .debug_aranges
                0x00000000       0x20 Graphics.o
 .debug_aranges
                0x00000020       0x20 clock.o
 .debug_aranges
                0x00000040       0x20 core_cm3.o
 .debug_aranges
                0x00000060       0x20 exception.o
 .debug_aranges
                0x00000080       0x20 jog_key.o
 .debug_aranges
                0x000000a0       0x20 led.o
 .debug_aranges
                0x000000c0       0x20 runtime.o
 .debug_aranges
                0x000000e0       0x20 systick.o
 .debug_aranges
                0x00000100       0x20 timer.o
 .debug_aranges
                0x00000120       0x20 uart.o
 .debug_aranges
                0x00000140       0x20 asm_fuction.o
 .debug_aranges
                0x00000160       0x20 crt0.o
 .debug_aranges
                0x00000180       0x20 car.o
 .debug_aranges
                0x000001a0       0x20 frog.o
 .debug_aranges
                0x000001c0       0x20 main.o
 .debug_aranges
                0x000001e0       0x20 object.o
 .debug_aranges
                0x00000200       0x20 .\liblcd.a(lcd.o)

.debug_ranges   0x00000000     0x2480
 .debug_ranges  0x00000000       0x48 Graphics.o
 .debug_ranges  0x00000048       0x10 core_cm3.o
 .debug_ranges  0x00000058       0x60 exception.o
 .debug_ranges  0x000000b8       0xa0 jog_key.o
 .debug_ranges  0x00000158       0x40 timer.o
 .debug_ranges  0x00000198      0x100 uart.o
 .debug_ranges  0x00000298       0xa8 main.o
 .debug_ranges  0x00000340     0x2140 .\liblcd.a(lcd.o)

.debug_line     0x00000000     0x2201
 .debug_line    0x00000000      0x219 Graphics.o
 .debug_line    0x00000219       0xa7 clock.o
 .debug_line    0x000002c0       0xe6 core_cm3.o
 .debug_line    0x000003a6      0x1a2 exception.o
 .debug_line    0x00000548      0x1fc jog_key.o
 .debug_line    0x00000744       0x9f led.o
 .debug_line    0x000007e3       0x56 runtime.o
 .debug_line    0x00000839       0x98 systick.o
 .debug_line    0x000008d1      0x13e timer.o
 .debug_line    0x00000a0f      0x27e uart.o
 .debug_line    0x00000c8d       0x50 asm_fuction.o
 .debug_line    0x00000cdd       0x5a crt0.o
 .debug_line    0x00000d37       0x68 car.o
 .debug_line    0x00000d9f       0xbb frog.o
 .debug_line    0x00000e5a      0x19a main.o
 .debug_line    0x00000ff4       0x71 object.o
 .debug_line    0x00001065     0x119c .\liblcd.a(lcd.o)

.debug_str      0x00000000     0x11c8
 .debug_str     0x00000000      0x1a4 Graphics.o
                                0x1f0 (size before relaxing)
 .debug_str     0x000001a4       0x7a clock.o
                                0x1cf (size before relaxing)
 .debug_str     0x0000021e      0x155 core_cm3.o
                                0x29e (size before relaxing)
 .debug_str     0x00000373      0x620 exception.o
                                0x793 (size before relaxing)
 .debug_str     0x00000993       0xd1 jog_key.o
                                0x5d5 (size before relaxing)
 .debug_str     0x00000a64       0x32 led.o
                                0x1dc (size before relaxing)
 .debug_str     0x00000a96       0x34 runtime.o
                                0x17f (size before relaxing)
 .debug_str     0x00000aca       0x82 systick.o
                                0x1d6 (size before relaxing)
 .debug_str     0x00000b4c       0x45 timer.o
                                0x629 (size before relaxing)
 .debug_str     0x00000b91       0xe7 uart.o
                                0x682 (size before relaxing)
 .debug_str     0x00000c78      0x224 car.o
                                0x2d9 (size before relaxing)
 .debug_str     0x00000e9c       0x45 frog.o
                                0x253 (size before relaxing)
 .debug_str     0x00000ee1      0x100 main.o
                                0x534 (size before relaxing)
 .debug_str     0x00000fe1       0x36 object.o
                                0x25f (size before relaxing)
 .debug_str     0x00001017      0x1b1 .\liblcd.a(lcd.o)
                                0x3f3 (size before relaxing)

.comment        0x00000000       0x30
 .comment       0x00000000       0x30 Graphics.o
                                 0x31 (size before relaxing)
 .comment       0x00000000       0x31 clock.o
 .comment       0x00000000       0x31 core_cm3.o
 .comment       0x00000000       0x31 exception.o
 .comment       0x00000000       0x31 jog_key.o
 .comment       0x00000000       0x31 led.o
 .comment       0x00000000       0x31 runtime.o
 .comment       0x00000000       0x31 systick.o
 .comment       0x00000000       0x31 timer.o
 .comment       0x00000000       0x31 uart.o
 .comment       0x00000000       0x31 car.o
 .comment       0x00000000       0x31 frog.o
 .comment       0x00000000       0x31 main.o
 .comment       0x00000000       0x31 object.o
 .comment       0x00000000       0x31 .\liblcd.a(lcd.o)

.ARM.attributes
                0x00000000       0x31
 .ARM.attributes
                0x00000000       0x33 Graphics.o
 .ARM.attributes
                0x00000033       0x33 clock.o
 .ARM.attributes
                0x00000066       0x33 core_cm3.o
 .ARM.attributes
                0x00000099       0x33 exception.o
 .ARM.attributes
                0x000000cc       0x33 jog_key.o
 .ARM.attributes
                0x000000ff       0x33 led.o
 .ARM.attributes
                0x00000132       0x33 runtime.o
 .ARM.attributes
                0x00000165       0x33 systick.o
 .ARM.attributes
                0x00000198       0x33 timer.o
 .ARM.attributes
                0x000001cb       0x33 uart.o
 .ARM.attributes
                0x000001fe       0x21 asm_fuction.o
 .ARM.attributes
                0x0000021f       0x21 crt0.o
 .ARM.attributes
                0x00000240       0x33 car.o
 .ARM.attributes
                0x00000273       0x33 frog.o
 .ARM.attributes
                0x000002a6       0x33 main.o
 .ARM.attributes
                0x000002d9       0x33 object.o
 .ARM.attributes
                0x0000030c       0x33 .\liblcd.a(lcd.o)
 .ARM.attributes
                0x0000033f       0x29 C:\CodeSourcery\Sourcery G++ Lite/arm-none-eabi/lib/thumb2\libc.a(lib_a-atoi.o)
 .ARM.attributes
                0x00000368       0x29 C:\CodeSourcery\Sourcery G++ Lite/arm-none-eabi/lib/thumb2\libc.a(lib_a-ctype_.o)
 .ARM.attributes
                0x00000391       0x29 C:\CodeSourcery\Sourcery G++ Lite/arm-none-eabi/lib/thumb2\libc.a(lib_a-strlen.o)
 .ARM.attributes
                0x000003ba       0x29 C:\CodeSourcery\Sourcery G++ Lite/arm-none-eabi/lib/thumb2\libc.a(lib_a-strtol.o)
 .ARM.attributes
                0x000003e3       0x29 C:\CodeSourcery\Sourcery G++ Lite/arm-none-eabi/lib/thumb2\libc.a(lib_a-vsprintf.o)
 .ARM.attributes
                0x0000040c       0x29 C:\CodeSourcery\Sourcery G++ Lite/arm-none-eabi/lib/thumb2\libc.a(lib_a-impure.o)
 .ARM.attributes
                0x00000435       0x29 C:\CodeSourcery\Sourcery G++ Lite/arm-none-eabi/lib/thumb2\libc.a(lib_a-svfprintf.o)
 .ARM.attributes
                0x0000045e       0x29 C:\CodeSourcery\Sourcery G++ Lite/arm-none-eabi/lib/thumb2\libc.a(lib_a-dtoa.o)
 .ARM.attributes
                0x00000487       0x29 C:\CodeSourcery\Sourcery G++ Lite/arm-none-eabi/lib/thumb2\libc.a(lib_a-locale.o)
 .ARM.attributes
                0x000004b0       0x29 C:\CodeSourcery\Sourcery G++ Lite/arm-none-eabi/lib/thumb2\libc.a(lib_a-malloc.o)
 .ARM.attributes
                0x000004d9       0x29 C:\CodeSourcery\Sourcery G++ Lite/arm-none-eabi/lib/thumb2\libc.a(lib_a-mallocr.o)
 .ARM.attributes
                0x00000502       0x29 C:\CodeSourcery\Sourcery G++ Lite/arm-none-eabi/lib/thumb2\libc.a(lib_a-memchr-stub.o)
 .ARM.attributes
                0x0000052b       0x29 C:\CodeSourcery\Sourcery G++ Lite/arm-none-eabi/lib/thumb2\libc.a(lib_a-memcpy-stub.o)
 .ARM.attributes
                0x00000554       0x29 C:\CodeSourcery\Sourcery G++ Lite/arm-none-eabi/lib/thumb2\libc.a(lib_a-mlock.o)
 .ARM.attributes
                0x0000057d       0x29 C:\CodeSourcery\Sourcery G++ Lite/arm-none-eabi/lib/thumb2\libc.a(lib_a-mprec.o)
 .ARM.attributes
                0x000005a6       0x29 C:\CodeSourcery\Sourcery G++ Lite/arm-none-eabi/lib/thumb2\libc.a(lib_a-s_fpclassify.o)
 .ARM.attributes
                0x000005cf       0x29 C:\CodeSourcery\Sourcery G++ Lite/arm-none-eabi/lib/thumb2\libc.a(lib_a-sbrkr.o)
 .ARM.attributes
                0x000005f8       0x17 C:\CodeSourcery\Sourcery G++ Lite/arm-none-eabi/lib/thumb2\libc.a(lib_a-strcmp.o)
 .ARM.attributes
                0x0000060f       0x29 C:\CodeSourcery\Sourcery G++ Lite/arm-none-eabi/lib/thumb2\libc.a(lib_a-svfiprintf.o)
 .ARM.attributes
                0x00000638       0x29 C:\CodeSourcery\Sourcery G++ Lite/arm-none-eabi/lib/thumb2\libc.a(lib_a-callocr.o)
 .ARM.attributes
                0x00000661       0x29 C:\CodeSourcery\Sourcery G++ Lite/arm-none-eabi/lib/thumb2\libc.a(lib_a-freer.o)
 .ARM.attributes
                0x0000068a       0x29 C:\CodeSourcery\Sourcery G++ Lite/arm-none-eabi/lib/thumb2\libc.a(lib_a-memmove.o)
 .ARM.attributes
                0x000006b3       0x29 C:\CodeSourcery\Sourcery G++ Lite/arm-none-eabi/lib/thumb2\libc.a(lib_a-memset.o)
 .ARM.attributes
                0x000006dc       0x29 C:\CodeSourcery\Sourcery G++ Lite/arm-none-eabi/lib/thumb2\libc.a(lib_a-reallocr.o)
 .ARM.attributes
                0x00000705       0x29 C:\CodeSourcery\Sourcery G++ Lite/arm-none-eabi/lib/thumb2\libc.a(lib_a-reent.o)
 .ARM.attributes
                0x0000072e       0x19 C:\CodeSourcery\Sourcery G++ Lite/lib/gcc/arm-none-eabi/4.8.1/thumb2\libgcc.a(_udivsi3.o)
 .ARM.attributes
                0x00000747       0x19 C:\CodeSourcery\Sourcery G++ Lite/lib/gcc/arm-none-eabi/4.8.1/thumb2\libgcc.a(_dvmd_tls.o)
 .ARM.attributes
                0x00000760       0x19 C:\CodeSourcery\Sourcery G++ Lite/lib/gcc/arm-none-eabi/4.8.1/thumb2\libgcc.a(_arm_addsubdf3.o)
 .ARM.attributes
                0x00000779       0x19 C:\CodeSourcery\Sourcery G++ Lite/lib/gcc/arm-none-eabi/4.8.1/thumb2\libgcc.a(_arm_muldivdf3.o)
 .ARM.attributes
                0x00000792       0x19 C:\CodeSourcery\Sourcery G++ Lite/lib/gcc/arm-none-eabi/4.8.1/thumb2\libgcc.a(_arm_cmpdf2.o)
 .ARM.attributes
                0x000007ab       0x19 C:\CodeSourcery\Sourcery G++ Lite/lib/gcc/arm-none-eabi/4.8.1/thumb2\libgcc.a(_arm_fixdfsi.o)
 .ARM.attributes
                0x000007c4       0x19 C:\CodeSourcery\Sourcery G++ Lite/lib/gcc/arm-none-eabi/4.8.1/thumb2\libgcc.a(_arm_fixunsdfsi.o)
 .ARM.attributes
                0x000007dd       0x19 C:\CodeSourcery\Sourcery G++ Lite/lib/gcc/arm-none-eabi/4.8.1/thumb2\libgcc.a(_aeabi_uldivmod.o)
 .ARM.attributes
                0x000007f6       0x29 C:\CodeSourcery\Sourcery G++ Lite/lib/gcc/arm-none-eabi/4.8.1/thumb2\libgcc.a(bpabi.o)
 .ARM.attributes
                0x0000081f       0x29 C:\CodeSourcery\Sourcery G++ Lite/lib/gcc/arm-none-eabi/4.8.1/thumb2\libgcc.a(unwind-arm.o)
 .ARM.attributes
                0x00000848       0x19 C:\CodeSourcery\Sourcery G++ Lite/lib/gcc/arm-none-eabi/4.8.1/thumb2\libgcc.a(libunwind.o)
 .ARM.attributes
                0x00000861       0x29 C:\CodeSourcery\Sourcery G++ Lite/lib/gcc/arm-none-eabi/4.8.1/thumb2\libgcc.a(pr-support.o)
 .ARM.attributes
                0x0000088a       0x29 C:\CodeSourcery\Sourcery G++ Lite/lib/gcc/arm-none-eabi/4.8.1/thumb2\libgcc.a(_divdi3.o)
 .ARM.attributes
                0x000008b3       0x29 C:\CodeSourcery\Sourcery G++ Lite/lib/gcc/arm-none-eabi/4.8.1/thumb2\libgcc.a(_udivdi3.o)

.debug_frame    0x00000000     0x1624
 .debug_frame   0x00000000       0x90 Graphics.o
 .debug_frame   0x00000090       0x20 clock.o
 .debug_frame   0x000000b0      0x170 core_cm3.o
 .debug_frame   0x00000220      0x1a4 exception.o
 .debug_frame   0x000003c4       0x98 jog_key.o
 .debug_frame   0x0000045c       0x50 led.o
 .debug_frame   0x000004ac       0x28 runtime.o
 .debug_frame   0x000004d4       0x6c systick.o
 .debug_frame   0x00000540       0x44 timer.o
 .debug_frame   0x00000584       0xec uart.o
 .debug_frame   0x00000670       0x50 car.o
 .debug_frame   0x000006c0       0x4c frog.o
 .debug_frame   0x0000070c       0x70 main.o
 .debug_frame   0x0000077c      0x118 object.o
 .debug_frame   0x00000894      0x198 .\liblcd.a(lcd.o)
 .debug_frame   0x00000a2c       0x30 C:\CodeSourcery\Sourcery G++ Lite/arm-none-eabi/lib/thumb2\libc.a(lib_a-atoi.o)
 .debug_frame   0x00000a5c       0x20 C:\CodeSourcery\Sourcery G++ Lite/arm-none-eabi/lib/thumb2\libc.a(lib_a-strlen.o)
 .debug_frame   0x00000a7c       0x50 C:\CodeSourcery\Sourcery G++ Lite/arm-none-eabi/lib/thumb2\libc.a(lib_a-strtol.o)
 .debug_frame   0x00000acc       0x44 C:\CodeSourcery\Sourcery G++ Lite/arm-none-eabi/lib/thumb2\libc.a(lib_a-vsprintf.o)
 .debug_frame   0x00000b10       0x3c C:\CodeSourcery\Sourcery G++ Lite/arm-none-eabi/lib/thumb2\libc.a(lib_a-svfprintf.o)
 .debug_frame   0x00000b4c       0x64 C:\CodeSourcery\Sourcery G++ Lite/arm-none-eabi/lib/thumb2\libc.a(lib_a-dtoa.o)
 .debug_frame   0x00000bb0       0x98 C:\CodeSourcery\Sourcery G++ Lite/arm-none-eabi/lib/thumb2\libc.a(lib_a-locale.o)
 .debug_frame   0x00000c48       0x30 C:\CodeSourcery\Sourcery G++ Lite/arm-none-eabi/lib/thumb2\libc.a(lib_a-malloc.o)
 .debug_frame   0x00000c78       0x38 C:\CodeSourcery\Sourcery G++ Lite/arm-none-eabi/lib/thumb2\libc.a(lib_a-mallocr.o)
 .debug_frame   0x00000cb0       0x2c C:\CodeSourcery\Sourcery G++ Lite/arm-none-eabi/lib/thumb2\libc.a(lib_a-memchr-stub.o)
 .debug_frame   0x00000cdc       0x2c C:\CodeSourcery\Sourcery G++ Lite/arm-none-eabi/lib/thumb2\libc.a(lib_a-memcpy-stub.o)
 .debug_frame   0x00000d08       0x30 C:\CodeSourcery\Sourcery G++ Lite/arm-none-eabi/lib/thumb2\libc.a(lib_a-mlock.o)
 .debug_frame   0x00000d38      0x244 C:\CodeSourcery\Sourcery G++ Lite/arm-none-eabi/lib/thumb2\libc.a(lib_a-mprec.o)
 .debug_frame   0x00000f7c       0x20 C:\CodeSourcery\Sourcery G++ Lite/arm-none-eabi/lib/thumb2\libc.a(lib_a-s_fpclassify.o)
 .debug_frame   0x00000f9c       0x2c C:\CodeSourcery\Sourcery G++ Lite/arm-none-eabi/lib/thumb2\libc.a(lib_a-sbrkr.o)
 .debug_frame   0x00000fc8       0x64 C:\CodeSourcery\Sourcery G++ Lite/arm-none-eabi/lib/thumb2\libc.a(lib_a-svfiprintf.o)
 .debug_frame   0x0000102c       0x28 C:\CodeSourcery\Sourcery G++ Lite/arm-none-eabi/lib/thumb2\libc.a(lib_a-callocr.o)
 .debug_frame   0x00001054       0x50 C:\CodeSourcery\Sourcery G++ Lite/arm-none-eabi/lib/thumb2\libc.a(lib_a-freer.o)
 .debug_frame   0x000010a4       0x2c C:\CodeSourcery\Sourcery G++ Lite/arm-none-eabi/lib/thumb2\libc.a(lib_a-memmove.o)
 .debug_frame   0x000010d0       0x2c C:\CodeSourcery\Sourcery G++ Lite/arm-none-eabi/lib/thumb2\libc.a(lib_a-memset.o)
 .debug_frame   0x000010fc       0x38 C:\CodeSourcery\Sourcery G++ Lite/arm-none-eabi/lib/thumb2\libc.a(lib_a-reallocr.o)
 .debug_frame   0x00001134       0x48 C:\CodeSourcery\Sourcery G++ Lite/arm-none-eabi/lib/thumb2\libc.a(lib_a-reent.o)
 .debug_frame   0x0000117c       0x20 C:\CodeSourcery\Sourcery G++ Lite/lib/gcc/arm-none-eabi/4.8.1/thumb2\libgcc.a(_udivsi3.o)
 .debug_frame   0x0000119c       0x28 C:\CodeSourcery\Sourcery G++ Lite/lib/gcc/arm-none-eabi/4.8.1/thumb2\libgcc.a(_aeabi_uldivmod.o)
 .debug_frame   0x000011c4       0x58 C:\CodeSourcery\Sourcery G++ Lite/lib/gcc/arm-none-eabi/4.8.1/thumb2\libgcc.a(bpabi.o)
 .debug_frame   0x0000121c      0x2b0 C:\CodeSourcery\Sourcery G++ Lite/lib/gcc/arm-none-eabi/4.8.1/thumb2\libgcc.a(unwind-arm.o)
 .debug_frame   0x000014cc       0xe8 C:\CodeSourcery\Sourcery G++ Lite/lib/gcc/arm-none-eabi/4.8.1/thumb2\libgcc.a(pr-support.o)
 .debug_frame   0x000015b4       0x38 C:\CodeSourcery\Sourcery G++ Lite/lib/gcc/arm-none-eabi/4.8.1/thumb2\libgcc.a(_divdi3.o)
 .debug_frame   0x000015ec       0x38 C:\CodeSourcery\Sourcery G++ Lite/lib/gcc/arm-none-eabi/4.8.1/thumb2\libgcc.a(_udivdi3.o)

Cross Reference Table

Symbol                                            File
BACK_COLOR                                        .\liblcd.a(lcd.o)
BusFault_Handler                                  exception.o
                                                  asm_fuction.o
Clock_Init                                        clock.o
                                                  main.o
EXTI15_10_IRQHandler                              exception.o
                                                  crt0.o
EXTI3_IRQHandler                                  exception.o
                                                  crt0.o
EXTI9_5_IRQHandler                                exception.o
                                                  crt0.o
HardFault_Handler                                 exception.o
                                                  asm_fuction.o
Invalid_ISR                                       exception.o
                                                  crt0.o
Jog_Get_Pressed                                   jog_key.o
Jog_Get_Pressed_Calm                              jog_key.o
Jog_ISR_Enable                                    jog_key.o
                                                  main.o
Jog_Poll_Init                                     jog_key.o
                                                  main.o
Jog_Wait_Key_Pressed                              jog_key.o
                                                  main.o
Jog_Wait_Key_Released                             jog_key.o
                                                  main.o
Jog_key                                           exception.o
                                                  main.o
Jog_key_in                                        exception.o
                                                  main.o
LED_All_Off                                       led.o
LED_All_On                                        led.o
LED_Display                                       led.o
LED_Init                                          led.o
                                                  main.o
Lcd_Clr_Screen                                    .\liblcd.a(lcd.o)
                                                  main.o
Lcd_Draw_Back_Color                               .\liblcd.a(lcd.o)
Lcd_Draw_Box                                      .\liblcd.a(lcd.o)
                                                  object.o
                                                  main.o
Lcd_Eng_Putch                                     Graphics.o
Lcd_Fill                                          .\liblcd.a(lcd.o)
Lcd_GPIO_Init                                     .\liblcd.a(lcd.o)
Lcd_Init                                          .\liblcd.a(lcd.o)
                                                  main.o
Lcd_Printf                                        Graphics.o
Lcd_Put_Pixel                                     .\liblcd.a(lcd.o)
                                                  Graphics.o
Lcd_Puts                                          Graphics.o
Lcd_Reset                                         .\liblcd.a(lcd.o)
Lcd_Set_Cursor                                    .\liblcd.a(lcd.o)
Lcd_Set_Display_Mode                              .\liblcd.a(lcd.o)
Lcd_Set_Windows                                   .\liblcd.a(lcd.o)
Lcd_WR_DATA                                       .\liblcd.a(lcd.o)
Lcd_WR_REG                                        .\liblcd.a(lcd.o)
Lcd_Write_Data_16Bit                              .\liblcd.a(lcd.o)
Lcd_Write_RAM_Prepare                             .\liblcd.a(lcd.o)
Lcd_Write_Reg                                     .\liblcd.a(lcd.o)
Main                                              main.o
                                                  crt0.o
MemManage_Handler                                 exception.o
                                                  asm_fuction.o
NMI_Handler                                       exception.o
                                                  crt0.o
POINT_COLOR                                       .\liblcd.a(lcd.o)
PendSV_Handler                                    exception.o
                                                  crt0.o
SVC_Handler                                       exception.o
                                                  crt0.o
SysTick_Check_Timeout                             systick.o
SysTick_Get_Load_Time                             systick.o
SysTick_Get_Time                                  systick.o
SysTick_Handler                                   exception.o
                                                  crt0.o
SysTick_Run                                       systick.o
SysTick_Stop                                      systick.o
TIM2_Delay                                        timer.o
TIM4_IRQHandler                                   exception.o
                                                  crt0.o
TIM4_Repeat_Interrupt_Enable                      timer.o
                                                  main.o
TIM4_expired                                      exception.o
                                                  main.o
USART1_IRQHandler                                 exception.o
                                                  crt0.o
USART1_rx_data                                    exception.o
USART1_rx_ready                                   exception.o
Uart1_Get_Char                                    uart.o
Uart1_Get_Int_Num                                 uart.o
Uart1_Get_Pressed                                 uart.o
                                                  exception.o
Uart1_Get_String                                  uart.o
Uart1_Init                                        uart.o
                                                  main.o
Uart1_Printf                                      uart.o
                                                  main.o
                                                  exception.o
Uart1_RX_Interrupt_Enable                         uart.o
                                                  main.o
Uart1_Send_Byte                                   uart.o
Uart1_Send_String                                 uart.o
UsageFault_Handler                                exception.o
                                                  asm_fuction.o
_Balloc                                           C:\CodeSourcery\Sourcery G++ Lite/arm-none-eabi/lib/thumb2\libc.a(lib_a-mprec.o)
                                                  C:\CodeSourcery\Sourcery G++ Lite/arm-none-eabi/lib/thumb2\libc.a(lib_a-dtoa.o)
_Bfree                                            C:\CodeSourcery\Sourcery G++ Lite/arm-none-eabi/lib/thumb2\libc.a(lib_a-mprec.o)
                                                  C:\CodeSourcery\Sourcery G++ Lite/arm-none-eabi/lib/thumb2\libc.a(lib_a-dtoa.o)
_BusFault_Handler                                 asm_fuction.o
                                                  crt0.o
_HardFault_Handler                                asm_fuction.o
                                                  crt0.o
_MemManage_Handler                                asm_fuction.o
                                                  crt0.o
_PathLocale                                       C:\CodeSourcery\Sourcery G++ Lite/arm-none-eabi/lib/thumb2\libc.a(lib_a-locale.o)
_Unwind_Backtrace                                 C:\CodeSourcery\Sourcery G++ Lite/lib/gcc/arm-none-eabi/4.8.1/thumb2\libgcc.a(libunwind.o)
_Unwind_Complete                                  C:\CodeSourcery\Sourcery G++ Lite/lib/gcc/arm-none-eabi/4.8.1/thumb2\libgcc.a(unwind-arm.o)
_Unwind_DeleteException                           C:\CodeSourcery\Sourcery G++ Lite/lib/gcc/arm-none-eabi/4.8.1/thumb2\libgcc.a(unwind-arm.o)
_Unwind_ForcedUnwind                              C:\CodeSourcery\Sourcery G++ Lite/lib/gcc/arm-none-eabi/4.8.1/thumb2\libgcc.a(libunwind.o)
_Unwind_GetCFA                                    C:\CodeSourcery\Sourcery G++ Lite/lib/gcc/arm-none-eabi/4.8.1/thumb2\libgcc.a(unwind-arm.o)
_Unwind_GetDataRelBase                            C:\CodeSourcery\Sourcery G++ Lite/lib/gcc/arm-none-eabi/4.8.1/thumb2\libgcc.a(pr-support.o)
_Unwind_GetLanguageSpecificData                   C:\CodeSourcery\Sourcery G++ Lite/lib/gcc/arm-none-eabi/4.8.1/thumb2\libgcc.a(pr-support.o)
_Unwind_GetRegionStart                            C:\CodeSourcery\Sourcery G++ Lite/lib/gcc/arm-none-eabi/4.8.1/thumb2\libgcc.a(pr-support.o)
_Unwind_GetTextRelBase                            C:\CodeSourcery\Sourcery G++ Lite/lib/gcc/arm-none-eabi/4.8.1/thumb2\libgcc.a(pr-support.o)
_Unwind_RaiseException                            C:\CodeSourcery\Sourcery G++ Lite/lib/gcc/arm-none-eabi/4.8.1/thumb2\libgcc.a(libunwind.o)
_Unwind_Resume                                    C:\CodeSourcery\Sourcery G++ Lite/lib/gcc/arm-none-eabi/4.8.1/thumb2\libgcc.a(libunwind.o)
_Unwind_Resume_or_Rethrow                         C:\CodeSourcery\Sourcery G++ Lite/lib/gcc/arm-none-eabi/4.8.1/thumb2\libgcc.a(libunwind.o)
_Unwind_VRS_Get                                   C:\CodeSourcery\Sourcery G++ Lite/lib/gcc/arm-none-eabi/4.8.1/thumb2\libgcc.a(unwind-arm.o)
                                                  C:\CodeSourcery\Sourcery G++ Lite/lib/gcc/arm-none-eabi/4.8.1/thumb2\libgcc.a(pr-support.o)
_Unwind_VRS_Pop                                   C:\CodeSourcery\Sourcery G++ Lite/lib/gcc/arm-none-eabi/4.8.1/thumb2\libgcc.a(unwind-arm.o)
                                                  C:\CodeSourcery\Sourcery G++ Lite/lib/gcc/arm-none-eabi/4.8.1/thumb2\libgcc.a(pr-support.o)
_Unwind_VRS_Set                                   C:\CodeSourcery\Sourcery G++ Lite/lib/gcc/arm-none-eabi/4.8.1/thumb2\libgcc.a(unwind-arm.o)
                                                  C:\CodeSourcery\Sourcery G++ Lite/lib/gcc/arm-none-eabi/4.8.1/thumb2\libgcc.a(pr-support.o)
_UsageFault_Handler                               asm_fuction.o
                                                  crt0.o
__LDREXB                                          core_cm3.o
__LDREXH                                          core_cm3.o
__LDREXW                                          core_cm3.o
__RBIT                                            core_cm3.o
__REV                                             core_cm3.o
__REV16                                           core_cm3.o
__REVSH                                           core_cm3.o
__RO_LIMIT__                                      crt0.o
__RW_BASE__                                       crt0.o
__STREXB                                          core_cm3.o
__STREXH                                          core_cm3.o
__STREXW                                          core_cm3.o
__ZI_BASE__                                       crt0.o
__ZI_LIMIT__                                      crt0.o
                                                  runtime.o
___Unwind_Backtrace                               C:\CodeSourcery\Sourcery G++ Lite/lib/gcc/arm-none-eabi/4.8.1/thumb2\libgcc.a(libunwind.o)
___Unwind_ForcedUnwind                            C:\CodeSourcery\Sourcery G++ Lite/lib/gcc/arm-none-eabi/4.8.1/thumb2\libgcc.a(libunwind.o)
___Unwind_RaiseException                          C:\CodeSourcery\Sourcery G++ Lite/lib/gcc/arm-none-eabi/4.8.1/thumb2\libgcc.a(libunwind.o)
___Unwind_Resume                                  C:\CodeSourcery\Sourcery G++ Lite/lib/gcc/arm-none-eabi/4.8.1/thumb2\libgcc.a(libunwind.o)
___Unwind_Resume_or_Rethrow                       C:\CodeSourcery\Sourcery G++ Lite/lib/gcc/arm-none-eabi/4.8.1/thumb2\libgcc.a(libunwind.o)
__adddf3                                          C:\CodeSourcery\Sourcery G++ Lite/lib/gcc/arm-none-eabi/4.8.1/thumb2\libgcc.a(_arm_addsubdf3.o)
__aeabi_cdcmpeq                                   C:\CodeSourcery\Sourcery G++ Lite/lib/gcc/arm-none-eabi/4.8.1/thumb2\libgcc.a(_arm_cmpdf2.o)
__aeabi_cdcmple                                   C:\CodeSourcery\Sourcery G++ Lite/lib/gcc/arm-none-eabi/4.8.1/thumb2\libgcc.a(_arm_cmpdf2.o)
__aeabi_cdrcmple                                  C:\CodeSourcery\Sourcery G++ Lite/lib/gcc/arm-none-eabi/4.8.1/thumb2\libgcc.a(_arm_cmpdf2.o)
__aeabi_d2iz                                      C:\CodeSourcery\Sourcery G++ Lite/lib/gcc/arm-none-eabi/4.8.1/thumb2\libgcc.a(_arm_fixdfsi.o)
                                                  C:\CodeSourcery\Sourcery G++ Lite/arm-none-eabi/lib/thumb2\libc.a(lib_a-dtoa.o)
                                                  uart.o
__aeabi_d2uiz                                     C:\CodeSourcery\Sourcery G++ Lite/lib/gcc/arm-none-eabi/4.8.1/thumb2\libgcc.a(_arm_fixunsdfsi.o)
                                                  systick.o
__aeabi_dadd                                      C:\CodeSourcery\Sourcery G++ Lite/lib/gcc/arm-none-eabi/4.8.1/thumb2\libgcc.a(_arm_addsubdf3.o)
                                                  C:\CodeSourcery\Sourcery G++ Lite/arm-none-eabi/lib/thumb2\libc.a(lib_a-dtoa.o)
                                                  uart.o
                                                  systick.o
__aeabi_dcmpeq                                    C:\CodeSourcery\Sourcery G++ Lite/lib/gcc/arm-none-eabi/4.8.1/thumb2\libgcc.a(_arm_cmpdf2.o)
                                                  C:\CodeSourcery\Sourcery G++ Lite/arm-none-eabi/lib/thumb2\libc.a(lib_a-dtoa.o)
                                                  C:\CodeSourcery\Sourcery G++ Lite/arm-none-eabi/lib/thumb2\libc.a(lib_a-svfprintf.o)
__aeabi_dcmpge                                    C:\CodeSourcery\Sourcery G++ Lite/lib/gcc/arm-none-eabi/4.8.1/thumb2\libgcc.a(_arm_cmpdf2.o)
                                                  C:\CodeSourcery\Sourcery G++ Lite/arm-none-eabi/lib/thumb2\libc.a(lib_a-dtoa.o)
__aeabi_dcmpgt                                    C:\CodeSourcery\Sourcery G++ Lite/lib/gcc/arm-none-eabi/4.8.1/thumb2\libgcc.a(_arm_cmpdf2.o)
                                                  C:\CodeSourcery\Sourcery G++ Lite/arm-none-eabi/lib/thumb2\libc.a(lib_a-dtoa.o)
__aeabi_dcmple                                    C:\CodeSourcery\Sourcery G++ Lite/lib/gcc/arm-none-eabi/4.8.1/thumb2\libgcc.a(_arm_cmpdf2.o)
__aeabi_dcmplt                                    C:\CodeSourcery\Sourcery G++ Lite/lib/gcc/arm-none-eabi/4.8.1/thumb2\libgcc.a(_arm_cmpdf2.o)
                                                  C:\CodeSourcery\Sourcery G++ Lite/arm-none-eabi/lib/thumb2\libc.a(lib_a-dtoa.o)
                                                  C:\CodeSourcery\Sourcery G++ Lite/arm-none-eabi/lib/thumb2\libc.a(lib_a-svfprintf.o)
__aeabi_ddiv                                      C:\CodeSourcery\Sourcery G++ Lite/lib/gcc/arm-none-eabi/4.8.1/thumb2\libgcc.a(_arm_muldivdf3.o)
                                                  C:\CodeSourcery\Sourcery G++ Lite/arm-none-eabi/lib/thumb2\libc.a(lib_a-mprec.o)
                                                  C:\CodeSourcery\Sourcery G++ Lite/arm-none-eabi/lib/thumb2\libc.a(lib_a-dtoa.o)
                                                  uart.o
__aeabi_dmul                                      C:\CodeSourcery\Sourcery G++ Lite/lib/gcc/arm-none-eabi/4.8.1/thumb2\libgcc.a(_arm_muldivdf3.o)
                                                  C:\CodeSourcery\Sourcery G++ Lite/arm-none-eabi/lib/thumb2\libc.a(lib_a-mprec.o)
                                                  C:\CodeSourcery\Sourcery G++ Lite/arm-none-eabi/lib/thumb2\libc.a(lib_a-dtoa.o)
                                                  uart.o
                                                  systick.o
__aeabi_drsub                                     C:\CodeSourcery\Sourcery G++ Lite/lib/gcc/arm-none-eabi/4.8.1/thumb2\libgcc.a(_arm_addsubdf3.o)
__aeabi_dsub                                      C:\CodeSourcery\Sourcery G++ Lite/lib/gcc/arm-none-eabi/4.8.1/thumb2\libgcc.a(_arm_addsubdf3.o)
                                                  C:\CodeSourcery\Sourcery G++ Lite/arm-none-eabi/lib/thumb2\libc.a(lib_a-dtoa.o)
                                                  uart.o
__aeabi_f2d                                       C:\CodeSourcery\Sourcery G++ Lite/lib/gcc/arm-none-eabi/4.8.1/thumb2\libgcc.a(_arm_addsubdf3.o)
__aeabi_i2d                                       C:\CodeSourcery\Sourcery G++ Lite/lib/gcc/arm-none-eabi/4.8.1/thumb2\libgcc.a(_arm_addsubdf3.o)
                                                  C:\CodeSourcery\Sourcery G++ Lite/arm-none-eabi/lib/thumb2\libc.a(lib_a-dtoa.o)
                                                  uart.o
__aeabi_idiv0                                     C:\CodeSourcery\Sourcery G++ Lite/lib/gcc/arm-none-eabi/4.8.1/thumb2\libgcc.a(_dvmd_tls.o)
                                                  C:\CodeSourcery\Sourcery G++ Lite/lib/gcc/arm-none-eabi/4.8.1/thumb2\libgcc.a(_udivsi3.o)
__aeabi_l2d                                       C:\CodeSourcery\Sourcery G++ Lite/lib/gcc/arm-none-eabi/4.8.1/thumb2\libgcc.a(_arm_addsubdf3.o)
__aeabi_ldiv0                                     C:\CodeSourcery\Sourcery G++ Lite/lib/gcc/arm-none-eabi/4.8.1/thumb2\libgcc.a(_dvmd_tls.o)
                                                  C:\CodeSourcery\Sourcery G++ Lite/lib/gcc/arm-none-eabi/4.8.1/thumb2\libgcc.a(_aeabi_uldivmod.o)
__aeabi_ui2d                                      C:\CodeSourcery\Sourcery G++ Lite/lib/gcc/arm-none-eabi/4.8.1/thumb2\libgcc.a(_arm_addsubdf3.o)
                                                  C:\CodeSourcery\Sourcery G++ Lite/arm-none-eabi/lib/thumb2\libc.a(lib_a-dtoa.o)
                                                  uart.o
                                                  systick.o
__aeabi_uidiv                                     C:\CodeSourcery\Sourcery G++ Lite/lib/gcc/arm-none-eabi/4.8.1/thumb2\libgcc.a(_udivsi3.o)
                                                  C:\CodeSourcery\Sourcery G++ Lite/lib/gcc/arm-none-eabi/4.8.1/thumb2\libgcc.a(_udivdi3.o)
                                                  C:\CodeSourcery\Sourcery G++ Lite/lib/gcc/arm-none-eabi/4.8.1/thumb2\libgcc.a(_divdi3.o)
                                                  C:\CodeSourcery\Sourcery G++ Lite/arm-none-eabi/lib/thumb2\libc.a(lib_a-dtoa.o)
                                                  C:\CodeSourcery\Sourcery G++ Lite/arm-none-eabi/lib/thumb2\libc.a(lib_a-strtol.o)
__aeabi_uidivmod                                  C:\CodeSourcery\Sourcery G++ Lite/lib/gcc/arm-none-eabi/4.8.1/thumb2\libgcc.a(_udivsi3.o)
                                                  C:\CodeSourcery\Sourcery G++ Lite/lib/gcc/arm-none-eabi/4.8.1/thumb2\libgcc.a(_udivdi3.o)
                                                  C:\CodeSourcery\Sourcery G++ Lite/lib/gcc/arm-none-eabi/4.8.1/thumb2\libgcc.a(_divdi3.o)
                                                  C:\CodeSourcery\Sourcery G++ Lite/arm-none-eabi/lib/thumb2\libc.a(lib_a-strtol.o)
__aeabi_ul2d                                      C:\CodeSourcery\Sourcery G++ Lite/lib/gcc/arm-none-eabi/4.8.1/thumb2\libgcc.a(_arm_addsubdf3.o)
__aeabi_uldivmod                                  C:\CodeSourcery\Sourcery G++ Lite/lib/gcc/arm-none-eabi/4.8.1/thumb2\libgcc.a(_aeabi_uldivmod.o)
                                                  C:\CodeSourcery\Sourcery G++ Lite/arm-none-eabi/lib/thumb2\libc.a(lib_a-svfiprintf.o)
                                                  C:\CodeSourcery\Sourcery G++ Lite/arm-none-eabi/lib/thumb2\libc.a(lib_a-svfprintf.o)
__aeabi_unwind_cpp_pr0                            C:\CodeSourcery\Sourcery G++ Lite/lib/gcc/arm-none-eabi/4.8.1/thumb2\libgcc.a(unwind-arm.o)
                                                  C:\CodeSourcery\Sourcery G++ Lite/lib/gcc/arm-none-eabi/4.8.1/thumb2\libgcc.a(pr-support.o)
                                                  object.o
                                                  main.o
                                                  frog.o
                                                  car.o
__aeabi_unwind_cpp_pr1                            C:\CodeSourcery\Sourcery G++ Lite/lib/gcc/arm-none-eabi/4.8.1/thumb2\libgcc.a(unwind-arm.o)
                                                  C:\CodeSourcery\Sourcery G++ Lite/lib/gcc/arm-none-eabi/4.8.1/thumb2\libgcc.a(pr-support.o)
__aeabi_unwind_cpp_pr2                            C:\CodeSourcery\Sourcery G++ Lite/lib/gcc/arm-none-eabi/4.8.1/thumb2\libgcc.a(unwind-arm.o)
__any_on                                          C:\CodeSourcery\Sourcery G++ Lite/arm-none-eabi/lib/thumb2\libc.a(lib_a-mprec.o)
__b2d                                             C:\CodeSourcery\Sourcery G++ Lite/arm-none-eabi/lib/thumb2\libc.a(lib_a-mprec.o)
__cmpdf2                                          C:\CodeSourcery\Sourcery G++ Lite/lib/gcc/arm-none-eabi/4.8.1/thumb2\libgcc.a(_arm_cmpdf2.o)
__copybits                                        C:\CodeSourcery\Sourcery G++ Lite/arm-none-eabi/lib/thumb2\libc.a(lib_a-mprec.o)
__ctype_ptr__                                     C:\CodeSourcery\Sourcery G++ Lite/arm-none-eabi/lib/thumb2\libc.a(lib_a-ctype_.o)
                                                  C:\CodeSourcery\Sourcery G++ Lite/arm-none-eabi/lib/thumb2\libc.a(lib_a-strtol.o)
                                                  uart.o
__cxa_begin_cleanup                               C:\CodeSourcery\Sourcery G++ Lite/lib/gcc/arm-none-eabi/4.8.1/thumb2\libgcc.a(unwind-arm.o)
__cxa_call_unexpected                             C:\CodeSourcery\Sourcery G++ Lite/lib/gcc/arm-none-eabi/4.8.1/thumb2\libgcc.a(unwind-arm.o)
__cxa_type_match                                  C:\CodeSourcery\Sourcery G++ Lite/lib/gcc/arm-none-eabi/4.8.1/thumb2\libgcc.a(unwind-arm.o)
__d2b                                             C:\CodeSourcery\Sourcery G++ Lite/arm-none-eabi/lib/thumb2\libc.a(lib_a-mprec.o)
                                                  C:\CodeSourcery\Sourcery G++ Lite/arm-none-eabi/lib/thumb2\libc.a(lib_a-dtoa.o)
__divdf3                                          C:\CodeSourcery\Sourcery G++ Lite/lib/gcc/arm-none-eabi/4.8.1/thumb2\libgcc.a(_arm_muldivdf3.o)
__divdi3                                          C:\CodeSourcery\Sourcery G++ Lite/lib/gcc/arm-none-eabi/4.8.1/thumb2\libgcc.a(_divdi3.o)
                                                  C:\CodeSourcery\Sourcery G++ Lite/lib/gcc/arm-none-eabi/4.8.1/thumb2\libgcc.a(bpabi.o)
__eqdf2                                           C:\CodeSourcery\Sourcery G++ Lite/lib/gcc/arm-none-eabi/4.8.1/thumb2\libgcc.a(_arm_cmpdf2.o)
__exidx_end                                       C:\CodeSourcery\Sourcery G++ Lite/lib/gcc/arm-none-eabi/4.8.1/thumb2\libgcc.a(unwind-arm.o)
__exidx_start                                     C:\CodeSourcery\Sourcery G++ Lite/lib/gcc/arm-none-eabi/4.8.1/thumb2\libgcc.a(unwind-arm.o)
__extendsfdf2                                     C:\CodeSourcery\Sourcery G++ Lite/lib/gcc/arm-none-eabi/4.8.1/thumb2\libgcc.a(_arm_addsubdf3.o)
__fixdfsi                                         C:\CodeSourcery\Sourcery G++ Lite/lib/gcc/arm-none-eabi/4.8.1/thumb2\libgcc.a(_arm_fixdfsi.o)
__fixunsdfsi                                      C:\CodeSourcery\Sourcery G++ Lite/lib/gcc/arm-none-eabi/4.8.1/thumb2\libgcc.a(_arm_fixunsdfsi.o)
__floatdidf                                       C:\CodeSourcery\Sourcery G++ Lite/lib/gcc/arm-none-eabi/4.8.1/thumb2\libgcc.a(_arm_addsubdf3.o)
__floatsidf                                       C:\CodeSourcery\Sourcery G++ Lite/lib/gcc/arm-none-eabi/4.8.1/thumb2\libgcc.a(_arm_addsubdf3.o)
__floatundidf                                     C:\CodeSourcery\Sourcery G++ Lite/lib/gcc/arm-none-eabi/4.8.1/thumb2\libgcc.a(_arm_addsubdf3.o)
__floatunsidf                                     C:\CodeSourcery\Sourcery G++ Lite/lib/gcc/arm-none-eabi/4.8.1/thumb2\libgcc.a(_arm_addsubdf3.o)
__fpclassifyd                                     C:\CodeSourcery\Sourcery G++ Lite/arm-none-eabi/lib/thumb2\libc.a(lib_a-s_fpclassify.o)
                                                  C:\CodeSourcery\Sourcery G++ Lite/arm-none-eabi/lib/thumb2\libc.a(lib_a-svfprintf.o)
__gedf2                                           C:\CodeSourcery\Sourcery G++ Lite/lib/gcc/arm-none-eabi/4.8.1/thumb2\libgcc.a(_arm_cmpdf2.o)
__get_BASEPRI                                     core_cm3.o
__get_CONTROL                                     core_cm3.o
__get_FAULTMASK                                   core_cm3.o
__get_MSP                                         core_cm3.o
__get_PRIMASK                                     core_cm3.o
__get_PSP                                         core_cm3.o
__gnu_Unwind_Backtrace                            C:\CodeSourcery\Sourcery G++ Lite/lib/gcc/arm-none-eabi/4.8.1/thumb2\libgcc.a(unwind-arm.o)
                                                  C:\CodeSourcery\Sourcery G++ Lite/lib/gcc/arm-none-eabi/4.8.1/thumb2\libgcc.a(libunwind.o)
__gnu_Unwind_Find_exidx                           C:\CodeSourcery\Sourcery G++ Lite/lib/gcc/arm-none-eabi/4.8.1/thumb2\libgcc.a(unwind-arm.o)
__gnu_Unwind_ForcedUnwind                         C:\CodeSourcery\Sourcery G++ Lite/lib/gcc/arm-none-eabi/4.8.1/thumb2\libgcc.a(unwind-arm.o)
                                                  C:\CodeSourcery\Sourcery G++ Lite/lib/gcc/arm-none-eabi/4.8.1/thumb2\libgcc.a(libunwind.o)
__gnu_Unwind_RaiseException                       C:\CodeSourcery\Sourcery G++ Lite/lib/gcc/arm-none-eabi/4.8.1/thumb2\libgcc.a(unwind-arm.o)
                                                  C:\CodeSourcery\Sourcery G++ Lite/lib/gcc/arm-none-eabi/4.8.1/thumb2\libgcc.a(libunwind.o)
__gnu_Unwind_Restore_VFP                          C:\CodeSourcery\Sourcery G++ Lite/lib/gcc/arm-none-eabi/4.8.1/thumb2\libgcc.a(libunwind.o)
                                                  C:\CodeSourcery\Sourcery G++ Lite/lib/gcc/arm-none-eabi/4.8.1/thumb2\libgcc.a(unwind-arm.o)
__gnu_Unwind_Restore_VFP_D                        C:\CodeSourcery\Sourcery G++ Lite/lib/gcc/arm-none-eabi/4.8.1/thumb2\libgcc.a(libunwind.o)
                                                  C:\CodeSourcery\Sourcery G++ Lite/lib/gcc/arm-none-eabi/4.8.1/thumb2\libgcc.a(unwind-arm.o)
__gnu_Unwind_Restore_VFP_D_16_to_31               C:\CodeSourcery\Sourcery G++ Lite/lib/gcc/arm-none-eabi/4.8.1/thumb2\libgcc.a(libunwind.o)
                                                  C:\CodeSourcery\Sourcery G++ Lite/lib/gcc/arm-none-eabi/4.8.1/thumb2\libgcc.a(unwind-arm.o)
__gnu_Unwind_Restore_WMMXC                        C:\CodeSourcery\Sourcery G++ Lite/lib/gcc/arm-none-eabi/4.8.1/thumb2\libgcc.a(libunwind.o)
                                                  C:\CodeSourcery\Sourcery G++ Lite/lib/gcc/arm-none-eabi/4.8.1/thumb2\libgcc.a(unwind-arm.o)
__gnu_Unwind_Restore_WMMXD                        C:\CodeSourcery\Sourcery G++ Lite/lib/gcc/arm-none-eabi/4.8.1/thumb2\libgcc.a(libunwind.o)
                                                  C:\CodeSourcery\Sourcery G++ Lite/lib/gcc/arm-none-eabi/4.8.1/thumb2\libgcc.a(unwind-arm.o)
__gnu_Unwind_Resume                               C:\CodeSourcery\Sourcery G++ Lite/lib/gcc/arm-none-eabi/4.8.1/thumb2\libgcc.a(unwind-arm.o)
                                                  C:\CodeSourcery\Sourcery G++ Lite/lib/gcc/arm-none-eabi/4.8.1/thumb2\libgcc.a(libunwind.o)
__gnu_Unwind_Resume_or_Rethrow                    C:\CodeSourcery\Sourcery G++ Lite/lib/gcc/arm-none-eabi/4.8.1/thumb2\libgcc.a(unwind-arm.o)
                                                  C:\CodeSourcery\Sourcery G++ Lite/lib/gcc/arm-none-eabi/4.8.1/thumb2\libgcc.a(libunwind.o)
__gnu_Unwind_Save_VFP                             C:\CodeSourcery\Sourcery G++ Lite/lib/gcc/arm-none-eabi/4.8.1/thumb2\libgcc.a(libunwind.o)
                                                  C:\CodeSourcery\Sourcery G++ Lite/lib/gcc/arm-none-eabi/4.8.1/thumb2\libgcc.a(unwind-arm.o)
__gnu_Unwind_Save_VFP_D                           C:\CodeSourcery\Sourcery G++ Lite/lib/gcc/arm-none-eabi/4.8.1/thumb2\libgcc.a(libunwind.o)
                                                  C:\CodeSourcery\Sourcery G++ Lite/lib/gcc/arm-none-eabi/4.8.1/thumb2\libgcc.a(unwind-arm.o)
__gnu_Unwind_Save_VFP_D_16_to_31                  C:\CodeSourcery\Sourcery G++ Lite/lib/gcc/arm-none-eabi/4.8.1/thumb2\libgcc.a(libunwind.o)
                                                  C:\CodeSourcery\Sourcery G++ Lite/lib/gcc/arm-none-eabi/4.8.1/thumb2\libgcc.a(unwind-arm.o)
__gnu_Unwind_Save_WMMXC                           C:\CodeSourcery\Sourcery G++ Lite/lib/gcc/arm-none-eabi/4.8.1/thumb2\libgcc.a(libunwind.o)
                                                  C:\CodeSourcery\Sourcery G++ Lite/lib/gcc/arm-none-eabi/4.8.1/thumb2\libgcc.a(unwind-arm.o)
__gnu_Unwind_Save_WMMXD                           C:\CodeSourcery\Sourcery G++ Lite/lib/gcc/arm-none-eabi/4.8.1/thumb2\libgcc.a(libunwind.o)
                                                  C:\CodeSourcery\Sourcery G++ Lite/lib/gcc/arm-none-eabi/4.8.1/thumb2\libgcc.a(unwind-arm.o)
__gnu_ldivmod_helper                              C:\CodeSourcery\Sourcery G++ Lite/lib/gcc/arm-none-eabi/4.8.1/thumb2\libgcc.a(bpabi.o)
__gnu_uldivmod_helper                             C:\CodeSourcery\Sourcery G++ Lite/lib/gcc/arm-none-eabi/4.8.1/thumb2\libgcc.a(bpabi.o)
                                                  C:\CodeSourcery\Sourcery G++ Lite/lib/gcc/arm-none-eabi/4.8.1/thumb2\libgcc.a(_aeabi_uldivmod.o)
__gnu_unwind_execute                              C:\CodeSourcery\Sourcery G++ Lite/lib/gcc/arm-none-eabi/4.8.1/thumb2\libgcc.a(pr-support.o)
                                                  C:\CodeSourcery\Sourcery G++ Lite/lib/gcc/arm-none-eabi/4.8.1/thumb2\libgcc.a(unwind-arm.o)
__gnu_unwind_frame                                C:\CodeSourcery\Sourcery G++ Lite/lib/gcc/arm-none-eabi/4.8.1/thumb2\libgcc.a(pr-support.o)
__gtdf2                                           C:\CodeSourcery\Sourcery G++ Lite/lib/gcc/arm-none-eabi/4.8.1/thumb2\libgcc.a(_arm_cmpdf2.o)
__hi0bits                                         C:\CodeSourcery\Sourcery G++ Lite/arm-none-eabi/lib/thumb2\libc.a(lib_a-mprec.o)
                                                  C:\CodeSourcery\Sourcery G++ Lite/arm-none-eabi/lib/thumb2\libc.a(lib_a-dtoa.o)
__i2b                                             C:\CodeSourcery\Sourcery G++ Lite/arm-none-eabi/lib/thumb2\libc.a(lib_a-mprec.o)
                                                  C:\CodeSourcery\Sourcery G++ Lite/arm-none-eabi/lib/thumb2\libc.a(lib_a-dtoa.o)
__ledf2                                           C:\CodeSourcery\Sourcery G++ Lite/lib/gcc/arm-none-eabi/4.8.1/thumb2\libgcc.a(_arm_cmpdf2.o)
__lo0bits                                         C:\CodeSourcery\Sourcery G++ Lite/arm-none-eabi/lib/thumb2\libc.a(lib_a-mprec.o)
__locale_charset                                  C:\CodeSourcery\Sourcery G++ Lite/arm-none-eabi/lib/thumb2\libc.a(lib_a-locale.o)
__locale_cjk_lang                                 C:\CodeSourcery\Sourcery G++ Lite/arm-none-eabi/lib/thumb2\libc.a(lib_a-locale.o)
__locale_mb_cur_max                               C:\CodeSourcery\Sourcery G++ Lite/arm-none-eabi/lib/thumb2\libc.a(lib_a-locale.o)
__locale_msgcharset                               C:\CodeSourcery\Sourcery G++ Lite/arm-none-eabi/lib/thumb2\libc.a(lib_a-locale.o)
__lshift                                          C:\CodeSourcery\Sourcery G++ Lite/arm-none-eabi/lib/thumb2\libc.a(lib_a-mprec.o)
                                                  C:\CodeSourcery\Sourcery G++ Lite/arm-none-eabi/lib/thumb2\libc.a(lib_a-dtoa.o)
__ltdf2                                           C:\CodeSourcery\Sourcery G++ Lite/lib/gcc/arm-none-eabi/4.8.1/thumb2\libgcc.a(_arm_cmpdf2.o)
__malloc_av_                                      C:\CodeSourcery\Sourcery G++ Lite/arm-none-eabi/lib/thumb2\libc.a(lib_a-mallocr.o)
                                                  C:\CodeSourcery\Sourcery G++ Lite/arm-none-eabi/lib/thumb2\libc.a(lib_a-reallocr.o)
                                                  C:\CodeSourcery\Sourcery G++ Lite/arm-none-eabi/lib/thumb2\libc.a(lib_a-freer.o)
__malloc_current_mallinfo                         C:\CodeSourcery\Sourcery G++ Lite/arm-none-eabi/lib/thumb2\libc.a(lib_a-mallocr.o)
                                                  C:\CodeSourcery\Sourcery G++ Lite/arm-none-eabi/lib/thumb2\libc.a(lib_a-freer.o)
__malloc_lock                                     C:\CodeSourcery\Sourcery G++ Lite/arm-none-eabi/lib/thumb2\libc.a(lib_a-mlock.o)
                                                  C:\CodeSourcery\Sourcery G++ Lite/arm-none-eabi/lib/thumb2\libc.a(lib_a-reallocr.o)
                                                  C:\CodeSourcery\Sourcery G++ Lite/arm-none-eabi/lib/thumb2\libc.a(lib_a-freer.o)
                                                  C:\CodeSourcery\Sourcery G++ Lite/arm-none-eabi/lib/thumb2\libc.a(lib_a-mallocr.o)
__malloc_max_sbrked_mem                           C:\CodeSourcery\Sourcery G++ Lite/arm-none-eabi/lib/thumb2\libc.a(lib_a-mallocr.o)
__malloc_max_total_mem                            C:\CodeSourcery\Sourcery G++ Lite/arm-none-eabi/lib/thumb2\libc.a(lib_a-mallocr.o)
__malloc_sbrk_base                                C:\CodeSourcery\Sourcery G++ Lite/arm-none-eabi/lib/thumb2\libc.a(lib_a-mallocr.o)
                                                  C:\CodeSourcery\Sourcery G++ Lite/arm-none-eabi/lib/thumb2\libc.a(lib_a-freer.o)
__malloc_top_pad                                  C:\CodeSourcery\Sourcery G++ Lite/arm-none-eabi/lib/thumb2\libc.a(lib_a-mallocr.o)
                                                  C:\CodeSourcery\Sourcery G++ Lite/arm-none-eabi/lib/thumb2\libc.a(lib_a-freer.o)
__malloc_trim_threshold                           C:\CodeSourcery\Sourcery G++ Lite/arm-none-eabi/lib/thumb2\libc.a(lib_a-mallocr.o)
                                                  C:\CodeSourcery\Sourcery G++ Lite/arm-none-eabi/lib/thumb2\libc.a(lib_a-freer.o)
__malloc_unlock                                   C:\CodeSourcery\Sourcery G++ Lite/arm-none-eabi/lib/thumb2\libc.a(lib_a-mlock.o)
                                                  C:\CodeSourcery\Sourcery G++ Lite/arm-none-eabi/lib/thumb2\libc.a(lib_a-reallocr.o)
                                                  C:\CodeSourcery\Sourcery G++ Lite/arm-none-eabi/lib/thumb2\libc.a(lib_a-freer.o)
                                                  C:\CodeSourcery\Sourcery G++ Lite/arm-none-eabi/lib/thumb2\libc.a(lib_a-mallocr.o)
__mb_cur_max                                      C:\CodeSourcery\Sourcery G++ Lite/arm-none-eabi/lib/thumb2\libc.a(lib_a-locale.o)
__mcmp                                            C:\CodeSourcery\Sourcery G++ Lite/arm-none-eabi/lib/thumb2\libc.a(lib_a-mprec.o)
                                                  C:\CodeSourcery\Sourcery G++ Lite/arm-none-eabi/lib/thumb2\libc.a(lib_a-dtoa.o)
__mdiff                                           C:\CodeSourcery\Sourcery G++ Lite/arm-none-eabi/lib/thumb2\libc.a(lib_a-mprec.o)
                                                  C:\CodeSourcery\Sourcery G++ Lite/arm-none-eabi/lib/thumb2\libc.a(lib_a-dtoa.o)
__mlocale_changed                                 C:\CodeSourcery\Sourcery G++ Lite/arm-none-eabi/lib/thumb2\libc.a(lib_a-locale.o)
__mprec_bigtens                                   C:\CodeSourcery\Sourcery G++ Lite/arm-none-eabi/lib/thumb2\libc.a(lib_a-mprec.o)
                                                  C:\CodeSourcery\Sourcery G++ Lite/arm-none-eabi/lib/thumb2\libc.a(lib_a-dtoa.o)
__mprec_tens                                      C:\CodeSourcery\Sourcery G++ Lite/arm-none-eabi/lib/thumb2\libc.a(lib_a-mprec.o)
                                                  C:\CodeSourcery\Sourcery G++ Lite/arm-none-eabi/lib/thumb2\libc.a(lib_a-dtoa.o)
__mprec_tinytens                                  C:\CodeSourcery\Sourcery G++ Lite/arm-none-eabi/lib/thumb2\libc.a(lib_a-mprec.o)